Apr 13 20:34:09 debian systemd-modules-load[454]: Inserted module 'msr'
Apr 13 20:34:09 debian systemd[1]: Starting Flush Journal to Persistent Storage...
Apr 13 20:34:09 debian apparmor.systemd[471]: Restarting AppArmor
Apr 13 20:34:09 debian apparmor.systemd[471]: Reloading AppArmor profiles
Apr 13 20:34:09 debian systemd[1]: Started Show Plymouth Boot Screen.
Apr 13 20:34:09 debian systemd[1]: Condition check resulted in Dispatch Password Requests to Console Directory Watch being skipped.
Apr 13 20:34:09 debian systemd[1]: Started Forward Password Requests to Plymouth Directory Watch.
Apr 13 20:34:09 debian systemd[1]: Reached target Local Encrypted Volumes.
Apr 13 20:34:09 debian systemd[1]: Finished Load AppArmor profiles.
Apr 13 20:34:09 debian systemd-udevd[531]: Using default interface naming scheme 'v247'.
Apr 13 20:34:09 debian systemd-udevd[531]: ethtool: autonegotiation is unset or enabled, the speed and duplex are not writable.
Apr 13 20:34:09 debian systemd-udevd[499]: ethtool: autonegotiation is unset or enabled, the speed and duplex are not writable.
Apr 13 20:34:09 debian systemd[1]: Found device VMware_Virtual_S 2.
Apr 13 20:34:09 debian systemd[1]: Activating swap /dev/disk/by-uuid/1156660f-5265-4e3d-a7ae-1b4ad865b2f9...
Apr 13 20:34:09 debian systemd[1]: Finished Flush Journal to Persistent Storage.
Apr 13 20:34:09 debian systemd[1]: Listening on Load/Save RF Kill Switch Status /dev/rfkill Watch.
Apr 13 20:34:09 debian systemd[1]: Starting Create Volatile Files and Directories...
Apr 13 20:34:09 debian systemd[1]: Activated swap /dev/disk/by-uuid/1156660f-5265-4e3d-a7ae-1b4ad865b2f9.
Apr 13 20:34:09 debian systemd[1]: Reached target Swap.
Apr 13 20:34:09 debian systemd[1]: Finished Create Volatile Files and Directories.
Apr 13 20:34:09 debian systemd[1]: Starting Network Time Synchronization...
Apr 13 20:34:09 debian systemd[1]: Starting Update UTMP about System Boot/Shutdown...
Apr 13 20:34:09 debian systemd[1]: Started Authentication service for virtual machines hosted on VMware.
Apr 13 20:34:09 debian systemd[1]: Starting Service for virtual machines hosted on VMware...
Apr 13 20:34:09 debian systemd[1]: Started Service for virtual machines hosted on VMware.
Apr 13 20:34:09 debian systemd[1]: Finished Update UTMP about System Boot/Shutdown.
Apr 13 20:34:09 debian VGAuthService[576]: Pref_Init: Using '/etc/vmware-tools/vgauth.conf' as preferences filepath
Apr 13 20:34:09 debian VGAuthService[576]: Core dump limit set to -1
Apr 13 20:34:09 debian VGAuthService[576]: INIT SERVICE
Apr 13 20:34:09 debian systemd[1]: Started Network Time Synchronization.
Apr 13 20:34:09 debian systemd[1]: Reached target System Initialization.
Apr 13 20:34:09 debian systemd[1]: Started ACPI Events Check.
Apr 13 20:34:09 debian systemd[1]: Started Daily Cleanup of Temporary Directories.
Apr 13 20:34:09 debian systemd[1]: Reached target Paths.
Apr 13 20:34:09 debian systemd[1]: Reached target System Time Set.
Apr 13 20:34:09 debian systemd[1]: Reached target System Time Synchronized.
Apr 13 20:34:09 debian systemd[1]: Started Trigger anacron every hour.
Apr 13 20:34:09 debian systemd[1]: Started Daily apt download activities.
Apr 13 20:34:09 debian systemd[1]: Started Daily apt upgrade and clean activities.
Apr 13 20:34:09 debian systemd[1]: Started Periodic ext4 Online Metadata Check for All Filesystems.
Apr 13 20:34:09 debian systemd[1]: Started Daily exim4-base housekeeping.
Apr 13 20:34:09 debian systemd[1]: Started Discard unused blocks once a week.
Apr 13 20:34:09 debian systemd[1]: Started Refresh fwupd metadata regularly.
Apr 13 20:34:09 debian systemd[1]: Started Daily rotation of log files.
Apr 13 20:34:09 debian systemd[1]: Started Daily man-db regeneration.
Apr 13 20:34:09 debian systemd[1]: Reached target Timers.
Apr 13 20:34:09 debian systemd[1]: Listening on ACPID Listen Socket.
Apr 13 20:34:09 debian systemd[1]: Listening on Avahi mDNS/DNS-SD Stack Activation Socket.
Apr 13 20:34:09 debian systemd[1]: Listening on D-Bus System Message Bus Socket.
Apr 13 20:34:09 debian systemd[1]: Starting Docker Socket for the API.
Apr 13 20:34:09 debian systemd[1]: Listening on UUID daemon activation socket.
Apr 13 20:34:09 debian systemd[1]: Listening on Docker Socket for the API.
Apr 13 20:34:09 debian systemd[1]: Reached target Sockets.
Apr 13 20:34:09 debian systemd[1]: Reached target Basic System.
Apr 13 20:34:09 debian systemd[1]: Started Run anacron jobs.
Apr 13 20:34:09 debian anacron[614]: Anacron 2.3 started on 2022-04-13
Apr 13 20:34:09 debian systemd[1]: Starting Avahi mDNS/DNS-SD Stack...
Apr 13 20:34:09 debian anacron[614]: Will run job `cron.daily' in 5 min.
Apr 13 20:34:09 debian anacron[614]: Will run job `cron.weekly' in 10 min.
Apr 13 20:34:09 debian systemd[1]: Started Regular background program processing daemon.
Apr 13 20:34:09 debian anacron[614]: Jobs will be executed sequentially
Apr 13 20:34:09 debian cron[616]: (CRON) INFO (pidfile fd = 3)
Apr 13 20:34:09 debian systemd[1]: Started D-Bus System Message Bus.
Apr 13 20:34:09 debian kernel: [    0.000000] Linux version 5.10.0-12-amd64 (debian-kernel@lists.debian.org) (gcc-10 (Debian 10.2.1-6) 10.2.1 20210110, GNU ld (GNU Binutils for Debian) 2.35.2) #1 SMP Debian 5.10.103-1 (2022-03-07)
Apr 13 20:34:09 debian cron[616]: (CRON) INFO (Running @reboot jobs)
Apr 13 20:34:09 debian systemd[1]: Starting Network Manager...
Apr 13 20:34:09 debian systemd[1]: Starting Remove Stale Online ext4 Metadata Check Snapshots...
Apr 13 20:34:09 debian systemd[1]: Condition check resulted in getty on tty2-tty6 if dbus and logind are not available being skipped.
Apr 13 20:34:09 debian avahi-daemon[615]: Found user 'avahi' (UID 112) and group 'avahi' (GID 120).
Apr 13 20:34:09 debian avahi-daemon[615]: Successfully dropped root privileges.
Apr 13 20:34:09 debian avahi-daemon[615]: avahi-daemon 0.8 starting up.
Apr 13 20:34:09 debian kernel: [    0.000000] Command line: BOOT_IMAGE=/boot/vmlinuz-5.10.0-12-amd64 root=UUID=29c284b3-cc05-42d5-9d9a-dffe6c9b17b0 ro quiet splash resume=UUID=1156660f-5265-4e3d-a7ae-1b4ad865b2f9
Apr 13 20:34:09 debian kernel: [    0.000000] x86/fpu: Supporting XSAVE feature 0x001: 'x87 floating point registers'
Apr 13 20:34:09 debian kernel: [    0.000000] x86/fpu: Supporting XSAVE feature 0x002: 'SSE registers'
Apr 13 20:34:09 debian kernel: [    0.000000] x86/fpu: Supporting XSAVE feature 0x004: 'AVX registers'
Apr 13 20:34:09 debian kernel: [    0.000000] x86/fpu: xstate_offset[2]:  576, xstate_sizes[2]:  256
Apr 13 20:34:09 debian kernel: [    0.000000] x86/fpu: Enabled xstate features 0x7, context size is 832 bytes, using 'compacted' format.
Apr 13 20:34:09 debian systemd[1]: Starting Initialize hardware monitoring sensors...
Apr 13 20:34:09 debian kernel: [    0.000000] BIOS-provided physical RAM map:
Apr 13 20:34:09 debian kernel: [    0.000000] BIOS-e820: [mem 0x0000000000000000-0x000000000009ebff] usable
Apr 13 20:34:09 debian kernel: [    0.000000] BIOS-e820: [mem 0x000000000009ec00-0x000000000009ffff] reserved
Apr 13 20:34:09 debian kernel: [    0.000000] BIOS-e820: [mem 0x00000000000dc000-0x00000000000fffff] reserved
Apr 13 20:34:09 debian kernel: [    0.000000] BIOS-e820: [mem 0x0000000000100000-0x00000000bfedffff] usable
Apr 13 20:34:09 debian kernel: [    0.000000] BIOS-e820: [mem 0x00000000bfee0000-0x00000000bfefefff] ACPI data
Apr 13 20:34:09 debian systemd[1]: Starting Authorization Manager...
Apr 13 20:34:09 debian sensors[622]: No sensors found!
Apr 13 20:34:09 debian sensors[622]: Make sure you loaded all the kernel drivers you need.
Apr 13 20:34:09 debian sensors[622]: Try sensors-detect to find out which these are.
Apr 13 20:34:09 debian systemd[1]: Starting System Logging Service...
Apr 13 20:34:09 debian kernel: [    0.000000] BIOS-e820: [mem 0x00000000bfeff000-0x00000000bfefffff] ACPI NVS
Apr 13 20:34:09 debian kernel: [    0.000000] BIOS-e820: [mem 0x00000000bff00000-0x00000000bfffffff] usable
Apr 13 20:34:09 debian kernel: [    0.000000] BIOS-e820: [mem 0x00000000f0000000-0x00000000f7ffffff] reserved
Apr 13 20:34:09 debian kernel: [    0.000000] BIOS-e820: [mem 0x00000000fec00000-0x00000000fec0ffff] reserved
Apr 13 20:34:09 debian kernel: [    0.000000] BIOS-e820: [mem 0x00000000fee00000-0x00000000fee00fff] reserved
Apr 13 20:34:09 debian kernel: [    0.000000] BIOS-e820: [mem 0x00000000fffe0000-0x00000000ffffffff] reserved
Apr 13 20:34:09 debian kernel: [    0.000000] BIOS-e820: [mem 0x0000000100000000-0x000000023fffffff] usable
Apr 13 20:34:09 debian systemd[1]: Starting User Login Management...
Apr 13 20:34:09 debian systemd[1]: Starting Disk Manager...
Apr 13 20:34:09 debian systemd[1]: Starting WPA supplicant...
Apr 13 20:34:09 debian systemd[1]: Starting exim4-base housekeeping...
Apr 13 20:34:09 debian kernel: [    0.000000] NX (Execute Disable) protection: active
Apr 13 20:34:09 debian systemd[1]: Starting Daily man-db regeneration...
Apr 13 20:34:09 debian kernel: [    0.000000] SMBIOS 2.7 present.
Apr 13 20:34:09 debian kernel: [    0.000000] DMI: VMware, Inc. VMware Virtual Platform/440BX Desktop Reference Platform, BIOS 6.00 11/12/2020
Apr 13 20:34:09 debian kernel: [    0.000000] vmware: hypercall mode: 0x01
Apr 13 20:34:09 debian kernel: [    0.000000] Hypervisor detected: VMware
Apr 13 20:34:09 debian kernel: [    0.000000] vmware: TSC freq read from hypervisor : 2994.371 MHz
Apr 13 20:34:09 debian systemd[1]: e2scrub_reap.service: Succeeded.
Apr 13 20:34:09 debian systemd[1]: Finished Remove Stale Online ext4 Metadata Check Snapshots.
Apr 13 20:34:09 debian systemd[1]: Started System Logging Service.
Apr 13 20:34:09 debian rsyslogd: imuxsock: Acquired UNIX socket '/run/systemd/journal/syslog' (fd 3) from systemd.  [v8.2102.0]
Apr 13 20:34:09 debian rsyslogd: [origin software="rsyslogd" swVersion="8.2102.0" x-pid="624" x-info="https://www.rsyslog.com"] start
Apr 13 20:34:09 debian sensors[639]: No sensors found!
Apr 13 20:34:09 debian sensors[639]: Make sure you loaded all the kernel drivers you need.
Apr 13 20:34:09 debian kernel: [    0.000000] vmware: Host bus clock speed read from hypervisor : 66000000 Hz
Apr 13 20:34:09 debian kernel: [    0.000000] vmware: using clock offset of 10000181157 ns
Apr 13 20:34:09 debian kernel: [    0.000016] tsc: Detected 2994.371 MHz processor
Apr 13 20:34:09 debian kernel: [    0.001066] e820: update [mem 0x00000000-0x00000fff] usable ==> reserved
Apr 13 20:34:09 debian kernel: [    0.001068] e820: remove [mem 0x000a0000-0x000fffff] usable
Apr 13 20:34:09 debian kernel: [    0.001072] last_pfn = 0x240000 max_arch_pfn = 0x400000000
Apr 13 20:34:09 debian sensors[639]: Try sensors-detect to find out which these are.
Apr 13 20:34:09 debian kernel: [    0.001085] MTRR default type: uncachable
Apr 13 20:34:09 debian kernel: [    0.001086] MTRR fixed ranges enabled:
Apr 13 20:34:09 debian kernel: [    0.001087]   00000-9FFFF write-back
Apr 13 20:34:09 debian kernel: [    0.001087]   A0000-BFFFF uncachable
Apr 13 20:34:09 debian kernel: [    0.001088]   C0000-CBFFF write-protect
Apr 13 20:34:09 debian kernel: [    0.001088]   CC000-EFFFF uncachable
Apr 13 20:34:09 debian kernel: [    0.001089]   F0000-FFFFF write-protect
Apr 13 20:34:09 debian kernel: [    0.001089] MTRR variable ranges enabled:
Apr 13 20:34:09 debian kernel: [    0.001090]   0 base 000000000000 mask 1FFC00000000 write-back
Apr 13 20:34:09 debian kernel: [    0.001091]   1 base 0000C0000000 mask 1FFFC0000000 uncachable
Apr 13 20:34:09 debian kernel: [    0.001091]   2 disabled
Apr 13 20:34:09 debian kernel: [    0.001092]   3 disabled
Apr 13 20:34:09 debian kernel: [    0.001092]   4 disabled
Apr 13 20:34:09 debian kernel: [    0.001092]   5 disabled
Apr 13 20:34:09 debian kernel: [    0.001093]   6 disabled
Apr 13 20:34:09 debian kernel: [    0.001093]   7 disabled
Apr 13 20:34:09 debian kernel: [    0.001112] x86/PAT: Configuration [0-7]: WB  WC  UC- UC  WB  WP  UC- WT
Apr 13 20:34:09 debian kernel: [    0.001123] e820: update [mem 0xc0000000-0xffffffff] usable ==> reserved
Apr 13 20:34:09 debian kernel: [    0.001133] last_pfn = 0xc0000 max_arch_pfn = 0x400000000
Apr 13 20:34:09 debian kernel: [    0.003394] found SMP MP-table at [mem 0x000f6a70-0x000f6a7f]
Apr 13 20:34:09 debian kernel: [    0.005722] Using GB pages for direct mapping
Apr 13 20:34:09 debian kernel: [    0.005866] RAMDISK: [mem 0x2e9e7000-0x334eafff]
Apr 13 20:34:09 debian kernel: [    0.005872] ACPI: Early table checksum verification disabled
Apr 13 20:34:09 debian kernel: [    0.005875] ACPI: RSDP 0x00000000000F6A00 000024 (v02 PTLTD )
Apr 13 20:34:09 debian kernel: [    0.005879] ACPI: XSDT 0x00000000BFEEA65B 00005C (v01 INTEL  440BX    06040000 VMW  01324272)
Apr 13 20:34:09 debian kernel: [    0.005883] ACPI: FACP 0x00000000BFEFEE73 0000F4 (v04 INTEL  440BX    06040000 PTL  000F4240)
Apr 13 20:34:09 debian kernel: [    0.005886] ACPI: DSDT 0x00000000BFEEB7E9 01368A (v01 PTLTD  Custom   06040000 MSFT 03000001)
Apr 13 20:34:09 debian kernel: [    0.005891] ACPI: FACS 0x00000000BFEFFFC0 000040
Apr 13 20:34:09 debian kernel: [    0.005893] ACPI: FACS 0x00000000BFEFFFC0 000040
Apr 13 20:34:09 debian kernel: [    0.005895] ACPI: BOOT 0x00000000BFEEB7C1 000028 (v01 PTLTD  $SBFTBL$ 06040000  LTP 00000001)
Apr 13 20:34:09 debian kernel: [    0.005897] ACPI: APIC 0x00000000BFEEB07F 000742 (v01 PTLTD  ? APIC   06040000  LTP 00000000)
Apr 13 20:34:09 debian kernel: [    0.005899] ACPI: MCFG 0x00000000BFEEB043 00003C (v01 PTLTD  $PCITBL$ 06040000  LTP 00000001)
Apr 13 20:34:09 debian kernel: [    0.005901] ACPI: SRAT 0x00000000BFEEA757 0008A8 (v02 VMWARE MEMPLUG  06040000 VMW  00000001)
Apr 13 20:34:09 debian kernel: [    0.005903] ACPI: HPET 0x00000000BFEEA71F 000038 (v01 VMWARE VMW HPET 06040000 VMW  00000001)
Apr 13 20:34:09 debian kernel: [    0.005905] ACPI: WAET 0x00000000BFEEA6F7 000028 (v01 VMWARE VMW WAET 06040000 VMW  00000001)
Apr 13 20:34:09 debian kernel: [    0.005907] ACPI: Reserving FACP table memory at [mem 0xbfefee73-0xbfefef66]
Apr 13 20:34:09 debian kernel: [    0.005907] ACPI: Reserving DSDT table memory at [mem 0xbfeeb7e9-0xbfefee72]
Apr 13 20:34:09 debian kernel: [    0.005908] ACPI: Reserving FACS table memory at [mem 0xbfefffc0-0xbfefffff]
Apr 13 20:34:09 debian kernel: [    0.005908] ACPI: Reserving FACS table memory at [mem 0xbfefffc0-0xbfefffff]
Apr 13 20:34:09 debian kernel: [    0.005909] ACPI: Reserving BOOT table memory at [mem 0xbfeeb7c1-0xbfeeb7e8]
Apr 13 20:34:09 debian kernel: [    0.005909] ACPI: Reserving APIC table memory at [mem 0xbfeeb07f-0xbfeeb7c0]
Apr 13 20:34:09 debian kernel: [    0.005910] ACPI: Reserving MCFG table memory at [mem 0xbfeeb043-0xbfeeb07e]
Apr 13 20:34:09 debian kernel: [    0.005910] ACPI: Reserving SRAT table memory at [mem 0xbfeea757-0xbfeeaffe]
Apr 13 20:34:09 debian kernel: [    0.005911] ACPI: Reserving HPET table memory at [mem 0xbfeea71f-0xbfeea756]
Apr 13 20:34:09 debian kernel: [    0.005911] ACPI: Reserving WAET table memory at [mem 0xbfeea6f7-0xbfeea71e]
Apr 13 20:34:09 debian kernel: [    0.005929] ACPI: Local APIC address 0xfee00000
Apr 13 20:34:09 debian kernel: [    0.005953] SRAT: PXM 0 -> APIC 0x00 -> Node 0
Apr 13 20:34:09 debian kernel: [    0.005954] SRAT: PXM 0 -> APIC 0x01 -> Node 0
Apr 13 20:34:09 debian kernel: [    0.005954] SRAT: PXM 0 -> APIC 0x02 -> Node 0
Apr 13 20:34:09 debian kernel: [    0.005955] SRAT: PXM 0 -> APIC 0x03 -> Node 0
Apr 13 20:34:09 debian kernel: [    0.005955] SRAT: PXM 0 -> APIC 0x04 -> Node 0
Apr 13 20:34:09 debian kernel: [    0.005955] SRAT: PXM 0 -> APIC 0x05 -> Node 0
Apr 13 20:34:09 debian kernel: [    0.005956] SRAT: PXM 0 -> APIC 0x06 -> Node 0
Apr 13 20:34:09 debian kernel: [    0.005956] SRAT: PXM 0 -> APIC 0x07 -> Node 0
Apr 13 20:34:09 debian kernel: [    0.005957] SRAT: PXM 0 -> APIC 0x08 -> Node 0
Apr 13 20:34:09 debian kernel: [    0.005957] SRAT: PXM 0 -> APIC 0x09 -> Node 0
Apr 13 20:34:09 debian kernel: [    0.005958] SRAT: PXM 0 -> APIC 0x0a -> Node 0
Apr 13 20:34:09 debian kernel: [    0.005958] SRAT: PXM 0 -> APIC 0x0b -> Node 0
Apr 13 20:34:09 debian kernel: [    0.005959] SRAT: PXM 0 -> APIC 0x10 -> Node 0
Apr 13 20:34:09 debian kernel: [    0.005959] SRAT: PXM 0 -> APIC 0x11 -> Node 0
Apr 13 20:34:09 debian kernel: [    0.005960] SRAT: PXM 0 -> APIC 0x12 -> Node 0
Apr 13 20:34:09 debian kernel: [    0.005960] SRAT: PXM 0 -> APIC 0x13 -> Node 0
Apr 13 20:34:09 debian kernel: [    0.005960] SRAT: PXM 0 -> APIC 0x14 -> Node 0
Apr 13 20:34:09 debian kernel: [    0.005961] SRAT: PXM 0 -> APIC 0x15 -> Node 0
Apr 13 20:34:09 debian kernel: [    0.005961] SRAT: PXM 0 -> APIC 0x16 -> Node 0
Apr 13 20:34:09 debian kernel: [    0.005962] SRAT: PXM 0 -> APIC 0x17 -> Node 0
Apr 13 20:34:09 debian kernel: [    0.005962] SRAT: PXM 0 -> APIC 0x18 -> Node 0
Apr 13 20:34:09 debian kernel: [    0.005963] SRAT: PXM 0 -> APIC 0x19 -> Node 0
Apr 13 20:34:09 debian kernel: [    0.005963] SRAT: PXM 0 -> APIC 0x1a -> Node 0
Apr 13 20:34:09 debian kernel: [    0.005963] SRAT: PXM 0 -> APIC 0x1b -> Node 0
Apr 13 20:34:09 debian kernel: [    0.005964] SRAT: PXM 0 -> APIC 0x20 -> Node 0
Apr 13 20:34:09 debian kernel: [    0.005964] SRAT: PXM 0 -> APIC 0x21 -> Node 0
Apr 13 20:34:09 debian kernel: [    0.005965] SRAT: PXM 0 -> APIC 0x22 -> Node 0
Apr 13 20:34:09 debian kernel: [    0.005965] SRAT: PXM 0 -> APIC 0x23 -> Node 0
Apr 13 20:34:09 debian kernel: [    0.005966] SRAT: PXM 0 -> APIC 0x24 -> Node 0
Apr 13 20:34:09 debian kernel: [    0.005966] SRAT: PXM 0 -> APIC 0x25 -> Node 0
Apr 13 20:34:09 debian kernel: [    0.005967] SRAT: PXM 0 -> APIC 0x26 -> Node 0
Apr 13 20:34:09 debian kernel: [    0.005967] SRAT: PXM 0 -> APIC 0x27 -> Node 0
Apr 13 20:34:09 debian kernel: [    0.005967] SRAT: PXM 0 -> APIC 0x28 -> Node 0
Apr 13 20:34:09 debian kernel: [    0.005968] SRAT: PXM 0 -> APIC 0x29 -> Node 0
Apr 13 20:34:09 debian kernel: [    0.005968] SRAT: PXM 0 -> APIC 0x2a -> Node 0
Apr 13 20:34:09 debian kernel: [    0.005969] SRAT: PXM 0 -> APIC 0x2b -> Node 0
Apr 13 20:34:09 debian kernel: [    0.005969] SRAT: PXM 0 -> APIC 0x30 -> Node 0
Apr 13 20:34:09 debian kernel: [    0.005970] SRAT: PXM 0 -> APIC 0x31 -> Node 0
Apr 13 20:34:09 debian kernel: [    0.005970] SRAT: PXM 0 -> APIC 0x32 -> Node 0
Apr 13 20:34:09 debian kernel: [    0.005970] SRAT: PXM 0 -> APIC 0x33 -> Node 0
Apr 13 20:34:09 debian kernel: [    0.005971] SRAT: PXM 0 -> APIC 0x34 -> Node 0
Apr 13 20:34:09 debian kernel: [    0.005971] SRAT: PXM 0 -> APIC 0x35 -> Node 0
Apr 13 20:34:09 debian kernel: [    0.005972] SRAT: PXM 0 -> APIC 0x36 -> Node 0
Apr 13 20:34:09 debian kernel: [    0.005972] SRAT: PXM 0 -> APIC 0x37 -> Node 0
Apr 13 20:34:09 debian kernel: [    0.005973] SRAT: PXM 0 -> APIC 0x38 -> Node 0
Apr 13 20:34:09 debian kernel: [    0.005973] SRAT: PXM 0 -> APIC 0x39 -> Node 0
Apr 13 20:34:09 debian kernel: [    0.005974] SRAT: PXM 0 -> APIC 0x3a -> Node 0
Apr 13 20:34:09 debian kernel: [    0.005974] SRAT: PXM 0 -> APIC 0x3b -> Node 0
Apr 13 20:34:09 debian kernel: [    0.005974] SRAT: PXM 0 -> APIC 0x40 -> Node 0
Apr 13 20:34:09 debian kernel: [    0.005975] SRAT: PXM 0 -> APIC 0x41 -> Node 0
Apr 13 20:34:09 debian kernel: [    0.005975] SRAT: PXM 0 -> APIC 0x42 -> Node 0
Apr 13 20:34:09 debian kernel: [    0.005976] SRAT: PXM 0 -> APIC 0x43 -> Node 0
Apr 13 20:34:09 debian kernel: [    0.005976] SRAT: PXM 0 -> APIC 0x44 -> Node 0
Apr 13 20:34:09 debian kernel: [    0.005977] SRAT: PXM 0 -> APIC 0x45 -> Node 0
Apr 13 20:34:09 debian kernel: [    0.005977] SRAT: PXM 0 -> APIC 0x46 -> Node 0
Apr 13 20:34:09 debian kernel: [    0.005977] SRAT: PXM 0 -> APIC 0x47 -> Node 0
Apr 13 20:34:09 debian kernel: [    0.005978] SRAT: PXM 0 -> APIC 0x48 -> Node 0
Apr 13 20:34:09 debian kernel: [    0.005978] SRAT: PXM 0 -> APIC 0x49 -> Node 0
Apr 13 20:34:09 debian kernel: [    0.005979] SRAT: PXM 0 -> APIC 0x4a -> Node 0
Apr 13 20:34:09 debian kernel: [    0.005979] SRAT: PXM 0 -> APIC 0x4b -> Node 0
Apr 13 20:34:09 debian kernel: [    0.005980] SRAT: PXM 0 -> APIC 0x50 -> Node 0
Apr 13 20:34:09 debian kernel: [    0.005980] SRAT: PXM 0 -> APIC 0x51 -> Node 0
Apr 13 20:34:09 debian kernel: [    0.005981] SRAT: PXM 0 -> APIC 0x52 -> Node 0
Apr 13 20:34:09 debian kernel: [    0.005981] SRAT: PXM 0 -> APIC 0x53 -> Node 0
Apr 13 20:34:09 debian kernel: [    0.005981] SRAT: PXM 0 -> APIC 0x54 -> Node 0
Apr 13 20:34:09 debian kernel: [    0.005982] SRAT: PXM 0 -> APIC 0x55 -> Node 0
Apr 13 20:34:09 debian kernel: [    0.005982] SRAT: PXM 0 -> APIC 0x56 -> Node 0
Apr 13 20:34:09 debian kernel: [    0.005983] SRAT: PXM 0 -> APIC 0x57 -> Node 0
Apr 13 20:34:09 debian kernel: [    0.005983] SRAT: PXM 0 -> APIC 0x58 -> Node 0
Apr 13 20:34:09 debian kernel: [    0.005984] SRAT: PXM 0 -> APIC 0x59 -> Node 0
Apr 13 20:34:09 debian kernel: [    0.005984] SRAT: PXM 0 -> APIC 0x5a -> Node 0
Apr 13 20:34:09 debian kernel: [    0.005985] SRAT: PXM 0 -> APIC 0x5b -> Node 0
Apr 13 20:34:09 debian kernel: [    0.005985] SRAT: PXM 0 -> APIC 0x60 -> Node 0
Apr 13 20:34:09 debian kernel: [    0.005985] SRAT: PXM 0 -> APIC 0x61 -> Node 0
Apr 13 20:34:09 debian kernel: [    0.005986] SRAT: PXM 0 -> APIC 0x62 -> Node 0
Apr 13 20:34:09 debian kernel: [    0.005986] SRAT: PXM 0 -> APIC 0x63 -> Node 0
Apr 13 20:34:09 debian kernel: [    0.005987] SRAT: PXM 0 -> APIC 0x64 -> Node 0
Apr 13 20:34:09 debian kernel: [    0.005987] SRAT: PXM 0 -> APIC 0x65 -> Node 0
Apr 13 20:34:09 debian kernel: [    0.005988] SRAT: PXM 0 -> APIC 0x66 -> Node 0
Apr 13 20:34:09 debian kernel: [    0.005988] SRAT: PXM 0 -> APIC 0x67 -> Node 0
Apr 13 20:34:09 debian kernel: [    0.005988] SRAT: PXM 0 -> APIC 0x68 -> Node 0
Apr 13 20:34:09 debian kernel: [    0.005989] SRAT: PXM 0 -> APIC 0x69 -> Node 0
Apr 13 20:34:09 debian kernel: [    0.005989] SRAT: PXM 0 -> APIC 0x6a -> Node 0
Apr 13 20:34:09 debian kernel: [    0.005990] SRAT: PXM 0 -> APIC 0x6b -> Node 0
Apr 13 20:34:09 debian kernel: [    0.005990] SRAT: PXM 0 -> APIC 0x70 -> Node 0
Apr 13 20:34:09 debian kernel: [    0.005991] SRAT: PXM 0 -> APIC 0x71 -> Node 0
Apr 13 20:34:09 debian kernel: [    0.005991] SRAT: PXM 0 -> APIC 0x72 -> Node 0
Apr 13 20:34:09 debian kernel: [    0.005992] SRAT: PXM 0 -> APIC 0x73 -> Node 0
Apr 13 20:34:09 debian kernel: [    0.005992] SRAT: PXM 0 -> APIC 0x74 -> Node 0
Apr 13 20:34:09 debian kernel: [    0.005992] SRAT: PXM 0 -> APIC 0x75 -> Node 0
Apr 13 20:34:09 debian kernel: [    0.005993] SRAT: PXM 0 -> APIC 0x76 -> Node 0
Apr 13 20:34:09 debian kernel: [    0.005993] SRAT: PXM 0 -> APIC 0x77 -> Node 0
Apr 13 20:34:09 debian kernel: [    0.005994] SRAT: PXM 0 -> APIC 0x78 -> Node 0
Apr 13 20:34:09 debian kernel: [    0.005994] SRAT: PXM 0 -> APIC 0x79 -> Node 0
Apr 13 20:34:09 debian kernel: [    0.005995] SRAT: PXM 0 -> APIC 0x7a -> Node 0
Apr 13 20:34:09 debian kernel: [    0.005995] SRAT: PXM 0 -> APIC 0x7b -> Node 0
Apr 13 20:34:09 debian kernel: [    0.005995] SRAT: PXM 0 -> APIC 0x80 -> Node 0
Apr 13 20:34:09 debian kernel: [    0.005996] SRAT: PXM 0 -> APIC 0x81 -> Node 0
Apr 13 20:34:09 debian kernel: [    0.005996] SRAT: PXM 0 -> APIC 0x82 -> Node 0
Apr 13 20:34:09 debian kernel: [    0.005997] SRAT: PXM 0 -> APIC 0x83 -> Node 0
Apr 13 20:34:09 debian kernel: [    0.005997] SRAT: PXM 0 -> APIC 0x84 -> Node 0
Apr 13 20:34:09 debian kernel: [    0.005998] SRAT: PXM 0 -> APIC 0x85 -> Node 0
Apr 13 20:34:09 debian kernel: [    0.005998] SRAT: PXM 0 -> APIC 0x86 -> Node 0
Apr 13 20:34:09 debian kernel: [    0.005999] SRAT: PXM 0 -> APIC 0x87 -> Node 0
Apr 13 20:34:09 debian kernel: [    0.005999] SRAT: PXM 0 -> APIC 0x88 -> Node 0
Apr 13 20:34:09 debian kernel: [    0.005999] SRAT: PXM 0 -> APIC 0x89 -> Node 0
Apr 13 20:34:09 debian kernel: [    0.006000] SRAT: PXM 0 -> APIC 0x8a -> Node 0
Apr 13 20:34:09 debian kernel: [    0.006000] SRAT: PXM 0 -> APIC 0x8b -> Node 0
Apr 13 20:34:09 debian kernel: [    0.006001] SRAT: PXM 0 -> APIC 0x90 -> Node 0
Apr 13 20:34:09 debian kernel: [    0.006001] SRAT: PXM 0 -> APIC 0x91 -> Node 0
Apr 13 20:34:09 debian kernel: [    0.006002] SRAT: PXM 0 -> APIC 0x92 -> Node 0
Apr 13 20:34:09 debian kernel: [    0.006002] SRAT: PXM 0 -> APIC 0x93 -> Node 0
Apr 13 20:34:09 debian kernel: [    0.006002] SRAT: PXM 0 -> APIC 0x94 -> Node 0
Apr 13 20:34:09 debian kernel: [    0.006003] SRAT: PXM 0 -> APIC 0x95 -> Node 0
Apr 13 20:34:09 debian kernel: [    0.006003] SRAT: PXM 0 -> APIC 0x96 -> Node 0
Apr 13 20:34:09 debian kernel: [    0.006004] SRAT: PXM 0 -> APIC 0x97 -> Node 0
Apr 13 20:34:09 debian kernel: [    0.006004] SRAT: PXM 0 -> APIC 0x98 -> Node 0
Apr 13 20:34:09 debian kernel: [    0.006005] SRAT: PXM 0 -> APIC 0x99 -> Node 0
Apr 13 20:34:09 debian kernel: [    0.006005] SRAT: PXM 0 -> APIC 0x9a -> Node 0
Apr 13 20:34:09 debian kernel: [    0.006006] SRAT: PXM 0 -> APIC 0x9b -> Node 0
Apr 13 20:34:09 debian kernel: [    0.006006] SRAT: PXM 0 -> APIC 0xa0 -> Node 0
Apr 13 20:34:09 debian kernel: [    0.006006] SRAT: PXM 0 -> APIC 0xa1 -> Node 0
Apr 13 20:34:09 debian kernel: [    0.006007] SRAT: PXM 0 -> APIC 0xa2 -> Node 0
Apr 13 20:34:09 debian kernel: [    0.006007] SRAT: PXM 0 -> APIC 0xa3 -> Node 0
Apr 13 20:34:09 debian kernel: [    0.006008] SRAT: PXM 0 -> APIC 0xa4 -> Node 0
Apr 13 20:34:09 debian kernel: [    0.006008] SRAT: PXM 0 -> APIC 0xa5 -> Node 0
Apr 13 20:34:09 debian kernel: [    0.006009] SRAT: PXM 0 -> APIC 0xa6 -> Node 0
Apr 13 20:34:09 debian kernel: [    0.006009] SRAT: PXM 0 -> APIC 0xa7 -> Node 0
Apr 13 20:34:09 debian kernel: [    0.006011] ACPI: SRAT: Node 0 PXM 0 [mem 0x00000000-0x0009ffff]
Apr 13 20:34:09 debian kernel: [    0.006012] ACPI: SRAT: Node 0 PXM 0 [mem 0x00100000-0xbfffffff]
Apr 13 20:34:09 debian kernel: [    0.006013] ACPI: SRAT: Node 0 PXM 0 [mem 0x100000000-0x23fffffff]
Apr 13 20:34:09 debian kernel: [    0.006014] NUMA: Node 0 [mem 0x00000000-0x0009ffff] + [mem 0x00100000-0xbfffffff] -> [mem 0x00000000-0xbfffffff]
Apr 13 20:34:09 debian kernel: [    0.006015] NUMA: Node 0 [mem 0x00000000-0xbfffffff] + [mem 0x100000000-0x23fffffff] -> [mem 0x00000000-0x23fffffff]
Apr 13 20:34:09 debian kernel: [    0.006022] NODE_DATA(0) allocated [mem 0x23ffd6000-0x23fffffff]
Apr 13 20:34:09 debian kernel: [    0.007265] Zone ranges:
Apr 13 20:34:09 debian kernel: [    0.007267]   DMA      [mem 0x0000000000001000-0x0000000000ffffff]
Apr 13 20:34:09 debian kernel: [    0.007269]   DMA32    [mem 0x0000000001000000-0x00000000ffffffff]
Apr 13 20:34:09 debian kernel: [    0.007270]   Normal   [mem 0x0000000100000000-0x000000023fffffff]
Apr 13 20:34:09 debian kernel: [    0.007270]   Device   empty
Apr 13 20:34:09 debian kernel: [    0.007271] Movable zone start for each node
Apr 13 20:34:09 debian kernel: [    0.007274] Early memory node ranges
Apr 13 20:34:09 debian kernel: [    0.007274]   node   0: [mem 0x0000000000001000-0x000000000009dfff]
Apr 13 20:34:09 debian kernel: [    0.007275]   node   0: [mem 0x0000000000100000-0x00000000bfedffff]
Apr 13 20:34:09 debian kernel: [    0.007276]   node   0: [mem 0x00000000bff00000-0x00000000bfffffff]
Apr 13 20:34:09 debian kernel: [    0.007276]   node   0: [mem 0x0000000100000000-0x000000023fffffff]
Apr 13 20:34:09 debian kernel: [    0.007278] Initmem setup node 0 [mem 0x0000000000001000-0x000000023fffffff]
Apr 13 20:34:09 debian kernel: [    0.007279] On node 0 totalpages: 2097021
Apr 13 20:34:09 debian kernel: [    0.007280]   DMA zone: 64 pages used for memmap
Apr 13 20:34:09 debian kernel: [    0.007281]   DMA zone: 21 pages reserved
Apr 13 20:34:09 debian kernel: [    0.007281]   DMA zone: 3997 pages, LIFO batch:0
Apr 13 20:34:09 debian kernel: [    0.007282]   DMA32 zone: 12224 pages used for memmap
Apr 13 20:34:09 debian kernel: [    0.007283]   DMA32 zone: 782304 pages, LIFO batch:63
Apr 13 20:34:09 debian kernel: [    0.007283]   Normal zone: 20480 pages used for memmap
Apr 13 20:34:09 debian kernel: [    0.007284]   Normal zone: 1310720 pages, LIFO batch:63
Apr 13 20:34:09 debian kernel: [    0.007340] On node 0, zone DMA: 1 pages in unavailable ranges
Apr 13 20:34:09 debian kernel: [    0.008127] On node 0, zone DMA: 98 pages in unavailable ranges
Apr 13 20:34:09 debian kernel: [    0.167729] On node 0, zone DMA32: 32 pages in unavailable ranges
Apr 13 20:34:09 debian kernel: [    0.178415] ACPI: PM-Timer IO Port: 0x1008
Apr 13 20:34:09 debian kernel: [    0.178418] ACPI: Local APIC address 0xfee00000
Apr 13 20:34:09 debian kernel: [    0.178432] ACPI: LAPIC_NMI (acpi_id[0x00] high edge lint[0x1])
Apr 13 20:34:09 debian kernel: [    0.178432] ACPI: LAPIC_NMI (acpi_id[0x01] high edge lint[0x1])
Apr 13 20:34:09 debian kernel: [    0.178433] ACPI: LAPIC_NMI (acpi_id[0x02] high edge lint[0x1])
Apr 13 20:34:09 debian kernel: [    0.178433] ACPI: LAPIC_NMI (acpi_id[0x03] high edge lint[0x1])
Apr 13 20:34:09 debian kernel: [    0.178434] ACPI: LAPIC_NMI (acpi_id[0x04] high edge lint[0x1])
Apr 13 20:34:09 debian kernel: [    0.178434] ACPI: LAPIC_NMI (acpi_id[0x05] high edge lint[0x1])
Apr 13 20:34:09 debian kernel: [    0.178434] ACPI: LAPIC_NMI (acpi_id[0x06] high edge lint[0x1])
Apr 13 20:34:09 debian kernel: [    0.178435] ACPI: LAPIC_NMI (acpi_id[0x07] high edge lint[0x1])
Apr 13 20:34:09 debian kernel: [    0.178435] ACPI: LAPIC_NMI (acpi_id[0x08] high edge lint[0x1])
Apr 13 20:34:09 debian kernel: [    0.178436] ACPI: LAPIC_NMI (acpi_id[0x09] high edge lint[0x1])
Apr 13 20:34:09 debian kernel: [    0.178436] ACPI: LAPIC_NMI (acpi_id[0x0a] high edge lint[0x1])
Apr 13 20:34:09 debian kernel: [    0.178437] ACPI: LAPIC_NMI (acpi_id[0x0b] high edge lint[0x1])
Apr 13 20:34:09 debian kernel: [    0.178437] ACPI: LAPIC_NMI (acpi_id[0x0c] high edge lint[0x1])
Apr 13 20:34:09 debian kernel: [    0.178438] ACPI: LAPIC_NMI (acpi_id[0x0d] high edge lint[0x1])
Apr 13 20:34:09 debian kernel: [    0.178438] ACPI: LAPIC_NMI (acpi_id[0x0e] high edge lint[0x1])
Apr 13 20:34:09 debian kernel: [    0.178438] ACPI: LAPIC_NMI (acpi_id[0x0f] high edge lint[0x1])
Apr 13 20:34:09 debian kernel: [    0.178439] ACPI: LAPIC_NMI (acpi_id[0x10] high edge lint[0x1])
Apr 13 20:34:09 debian kernel: [    0.178439] ACPI: LAPIC_NMI (acpi_id[0x11] high edge lint[0x1])
Apr 13 20:34:09 debian kernel: [    0.178440] ACPI: LAPIC_NMI (acpi_id[0x12] high edge lint[0x1])
Apr 13 20:34:09 debian kernel: [    0.178440] ACPI: LAPIC_NMI (acpi_id[0x13] high edge lint[0x1])
Apr 13 20:34:09 debian kernel: [    0.178441] ACPI: LAPIC_NMI (acpi_id[0x14] high edge lint[0x1])
Apr 13 20:34:09 debian kernel: [    0.178441] ACPI: LAPIC_NMI (acpi_id[0x15] high edge lint[0x1])
Apr 13 20:34:09 debian kernel: [    0.178441] ACPI: LAPIC_NMI (acpi_id[0x16] high edge lint[0x1])
Apr 13 20:34:09 debian kernel: [    0.178442] ACPI: LAPIC_NMI (acpi_id[0x17] high edge lint[0x1])
Apr 13 20:34:09 debian kernel: [    0.178442] ACPI: LAPIC_NMI (acpi_id[0x18] high edge lint[0x1])
Apr 13 20:34:09 debian kernel: [    0.178443] ACPI: LAPIC_NMI (acpi_id[0x19] high edge lint[0x1])
Apr 13 20:34:09 debian kernel: [    0.178443] ACPI: LAPIC_NMI (acpi_id[0x1a] high edge lint[0x1])
Apr 13 20:34:09 debian kernel: [    0.178444] ACPI: LAPIC_NMI (acpi_id[0x1b] high edge lint[0x1])
Apr 13 20:34:09 debian kernel: [    0.178444] ACPI: LAPIC_NMI (acpi_id[0x1c] high edge lint[0x1])
Apr 13 20:34:09 debian kernel: [    0.178444] ACPI: LAPIC_NMI (acpi_id[0x1d] high edge lint[0x1])
Apr 13 20:34:09 debian kernel: [    0.178445] ACPI: LAPIC_NMI (acpi_id[0x1e] high edge lint[0x1])
Apr 13 20:34:09 debian kernel: [    0.178445] ACPI: LAPIC_NMI (acpi_id[0x1f] high edge lint[0x1])
Apr 13 20:34:09 debian kernel: [    0.178446] ACPI: LAPIC_NMI (acpi_id[0x20] high edge lint[0x1])
Apr 13 20:34:09 debian kernel: [    0.178446] ACPI: LAPIC_NMI (acpi_id[0x21] high edge lint[0x1])
Apr 13 20:34:09 debian kernel: [    0.178446] ACPI: LAPIC_NMI (acpi_id[0x22] high edge lint[0x1])
Apr 13 20:34:09 debian kernel: [    0.178447] ACPI: LAPIC_NMI (acpi_id[0x23] high edge lint[0x1])
Apr 13 20:34:09 debian kernel: [    0.178447] ACPI: LAPIC_NMI (acpi_id[0x24] high edge lint[0x1])
Apr 13 20:34:09 debian kernel: [    0.178448] ACPI: LAPIC_NMI (acpi_id[0x25] high edge lint[0x1])
Apr 13 20:34:09 debian kernel: [    0.178448] ACPI: LAPIC_NMI (acpi_id[0x26] high edge lint[0x1])
Apr 13 20:34:09 debian kernel: [    0.178449] ACPI: LAPIC_NMI (acpi_id[0x27] high edge lint[0x1])
Apr 13 20:34:09 debian kernel: [    0.178449] ACPI: LAPIC_NMI (acpi_id[0x28] high edge lint[0x1])
Apr 13 20:34:09 debian kernel: [    0.178449] ACPI: LAPIC_NMI (acpi_id[0x29] high edge lint[0x1])
Apr 13 20:34:09 debian kernel: [    0.178450] ACPI: LAPIC_NMI (acpi_id[0x2a] high edge lint[0x1])
Apr 13 20:34:09 debian kernel: [    0.178450] ACPI: LAPIC_NMI (acpi_id[0x2b] high edge lint[0x1])
Apr 13 20:34:09 debian kernel: [    0.178451] ACPI: LAPIC_NMI (acpi_id[0x2c] high edge lint[0x1])
Apr 13 20:34:09 debian kernel: [    0.178451] ACPI: LAPIC_NMI (acpi_id[0x2d] high edge lint[0x1])
Apr 13 20:34:09 debian kernel: [    0.178452] ACPI: LAPIC_NMI (acpi_id[0x2e] high edge lint[0x1])
Apr 13 20:34:09 debian kernel: [    0.178452] ACPI: LAPIC_NMI (acpi_id[0x2f] high edge lint[0x1])
Apr 13 20:34:09 debian kernel: [    0.178452] ACPI: LAPIC_NMI (acpi_id[0x30] high edge lint[0x1])
Apr 13 20:34:09 debian kernel: [    0.178453] ACPI: LAPIC_NMI (acpi_id[0x31] high edge lint[0x1])
Apr 13 20:34:09 debian kernel: [    0.178453] ACPI: LAPIC_NMI (acpi_id[0x32] high edge lint[0x1])
Apr 13 20:34:09 debian kernel: [    0.178454] ACPI: LAPIC_NMI (acpi_id[0x33] high edge lint[0x1])
Apr 13 20:34:09 debian kernel: [    0.178454] ACPI: LAPIC_NMI (acpi_id[0x34] high edge lint[0x1])
Apr 13 20:34:09 debian kernel: [    0.178454] ACPI: LAPIC_NMI (acpi_id[0x35] high edge lint[0x1])
Apr 13 20:34:09 debian kernel: [    0.178455] ACPI: LAPIC_NMI (acpi_id[0x36] high edge lint[0x1])
Apr 13 20:34:09 debian kernel: [    0.178455] ACPI: LAPIC_NMI (acpi_id[0x37] high edge lint[0x1])
Apr 13 20:34:09 debian kernel: [    0.178456] ACPI: LAPIC_NMI (acpi_id[0x38] high edge lint[0x1])
Apr 13 20:34:09 debian kernel: [    0.178456] ACPI: LAPIC_NMI (acpi_id[0x39] high edge lint[0x1])
Apr 13 20:34:09 debian kernel: [    0.178457] ACPI: LAPIC_NMI (acpi_id[0x3a] high edge lint[0x1])
Apr 13 20:34:09 debian kernel: [    0.178457] ACPI: LAPIC_NMI (acpi_id[0x3b] high edge lint[0x1])
Apr 13 20:34:09 debian kernel: [    0.178457] ACPI: LAPIC_NMI (acpi_id[0x3c] high edge lint[0x1])
Apr 13 20:34:09 debian kernel: [    0.178458] ACPI: LAPIC_NMI (acpi_id[0x3d] high edge lint[0x1])
Apr 13 20:34:09 debian kernel: [    0.178458] ACPI: LAPIC_NMI (acpi_id[0x3e] high edge lint[0x1])
Apr 13 20:34:09 debian kernel: [    0.178459] ACPI: LAPIC_NMI (acpi_id[0x3f] high edge lint[0x1])
Apr 13 20:34:09 debian kernel: [    0.178459] ACPI: LAPIC_NMI (acpi_id[0x40] high edge lint[0x1])
Apr 13 20:34:09 debian kernel: [    0.178460] ACPI: LAPIC_NMI (acpi_id[0x41] high edge lint[0x1])
Apr 13 20:34:09 debian kernel: [    0.178460] ACPI: LAPIC_NMI (acpi_id[0x42] high edge lint[0x1])
Apr 13 20:34:09 debian kernel: [    0.178460] ACPI: LAPIC_NMI (acpi_id[0x43] high edge lint[0x1])
Apr 13 20:34:09 debian kernel: [    0.178461] ACPI: LAPIC_NMI (acpi_id[0x44] high edge lint[0x1])
Apr 13 20:34:09 debian kernel: [    0.178461] ACPI: LAPIC_NMI (acpi_id[0x45] high edge lint[0x1])
Apr 13 20:34:09 debian kernel: [    0.178462] ACPI: LAPIC_NMI (acpi_id[0x46] high edge lint[0x1])
Apr 13 20:34:09 debian kernel: [    0.178462] ACPI: LAPIC_NMI (acpi_id[0x47] high edge lint[0x1])
Apr 13 20:34:09 debian kernel: [    0.178462] ACPI: LAPIC_NMI (acpi_id[0x48] high edge lint[0x1])
Apr 13 20:34:09 debian kernel: [    0.178463] ACPI: LAPIC_NMI (acpi_id[0x49] high edge lint[0x1])
Apr 13 20:34:09 debian kernel: [    0.178463] ACPI: LAPIC_NMI (acpi_id[0x4a] high edge lint[0x1])
Apr 13 20:34:09 debian kernel: [    0.178464] ACPI: LAPIC_NMI (acpi_id[0x4b] high edge lint[0x1])
Apr 13 20:34:09 debian kernel: [    0.178464] ACPI: LAPIC_NMI (acpi_id[0x4c] high edge lint[0x1])
Apr 13 20:34:09 debian kernel: [    0.178465] ACPI: LAPIC_NMI (acpi_id[0x4d] high edge lint[0x1])
Apr 13 20:34:09 debian kernel: [    0.178465] ACPI: LAPIC_NMI (acpi_id[0x4e] high edge lint[0x1])
Apr 13 20:34:09 debian kernel: [    0.178465] ACPI: LAPIC_NMI (acpi_id[0x4f] high edge lint[0x1])
Apr 13 20:34:09 debian kernel: [    0.178466] ACPI: LAPIC_NMI (acpi_id[0x50] high edge lint[0x1])
Apr 13 20:34:09 debian kernel: [    0.178466] ACPI: LAPIC_NMI (acpi_id[0x51] high edge lint[0x1])
Apr 13 20:34:09 debian kernel: [    0.178467] ACPI: LAPIC_NMI (acpi_id[0x52] high edge lint[0x1])
Apr 13 20:34:09 debian kernel: [    0.178467] ACPI: LAPIC_NMI (acpi_id[0x53] high edge lint[0x1])
Apr 13 20:34:09 debian kernel: [    0.178467] ACPI: LAPIC_NMI (acpi_id[0x54] high edge lint[0x1])
Apr 13 20:34:09 debian kernel: [    0.178468] ACPI: LAPIC_NMI (acpi_id[0x55] high edge lint[0x1])
Apr 13 20:34:09 debian kernel: [    0.178468] ACPI: LAPIC_NMI (acpi_id[0x56] high edge lint[0x1])
Apr 13 20:34:09 debian kernel: [    0.178469] ACPI: LAPIC_NMI (acpi_id[0x57] high edge lint[0x1])
Apr 13 20:34:09 debian kernel: [    0.178469] ACPI: LAPIC_NMI (acpi_id[0x58] high edge lint[0x1])
Apr 13 20:34:09 debian kernel: [    0.178470] ACPI: LAPIC_NMI (acpi_id[0x59] high edge lint[0x1])
Apr 13 20:34:09 debian kernel: [    0.178470] ACPI: LAPIC_NMI (acpi_id[0x5a] high edge lint[0x1])
Apr 13 20:34:09 debian kernel: [    0.178470] ACPI: LAPIC_NMI (acpi_id[0x5b] high edge lint[0x1])
Apr 13 20:34:09 debian kernel: [    0.178471] ACPI: LAPIC_NMI (acpi_id[0x5c] high edge lint[0x1])
Apr 13 20:34:09 debian kernel: [    0.178471] ACPI: LAPIC_NMI (acpi_id[0x5d] high edge lint[0x1])
Apr 13 20:34:09 debian kernel: [    0.178472] ACPI: LAPIC_NMI (acpi_id[0x5e] high edge lint[0x1])
Apr 13 20:34:09 debian kernel: [    0.178472] ACPI: LAPIC_NMI (acpi_id[0x5f] high edge lint[0x1])
Apr 13 20:34:09 debian kernel: [    0.178473] ACPI: LAPIC_NMI (acpi_id[0x60] high edge lint[0x1])
Apr 13 20:34:09 debian kernel: [    0.178473] ACPI: LAPIC_NMI (acpi_id[0x61] high edge lint[0x1])
Apr 13 20:34:09 debian kernel: [    0.178473] ACPI: LAPIC_NMI (acpi_id[0x62] high edge lint[0x1])
Apr 13 20:34:09 debian kernel: [    0.178474] ACPI: LAPIC_NMI (acpi_id[0x63] high edge lint[0x1])
Apr 13 20:34:09 debian kernel: [    0.178474] ACPI: LAPIC_NMI (acpi_id[0x64] high edge lint[0x1])
Apr 13 20:34:09 debian kernel: [    0.178475] ACPI: LAPIC_NMI (acpi_id[0x65] high edge lint[0x1])
Apr 13 20:34:09 debian kernel: [    0.178475] ACPI: LAPIC_NMI (acpi_id[0x66] high edge lint[0x1])
Apr 13 20:34:09 debian kernel: [    0.178475] ACPI: LAPIC_NMI (acpi_id[0x67] high edge lint[0x1])
Apr 13 20:34:09 debian kernel: [    0.178476] ACPI: LAPIC_NMI (acpi_id[0x68] high edge lint[0x1])
Apr 13 20:34:09 debian kernel: [    0.178476] ACPI: LAPIC_NMI (acpi_id[0x69] high edge lint[0x1])
Apr 13 20:34:09 debian kernel: [    0.178477] ACPI: LAPIC_NMI (acpi_id[0x6a] high edge lint[0x1])
Apr 13 20:34:09 debian kernel: [    0.178477] ACPI: LAPIC_NMI (acpi_id[0x6b] high edge lint[0x1])
Apr 13 20:34:09 debian kernel: [    0.178478] ACPI: LAPIC_NMI (acpi_id[0x6c] high edge lint[0x1])
Apr 13 20:34:09 debian kernel: [    0.178478] ACPI: LAPIC_NMI (acpi_id[0x6d] high edge lint[0x1])
Apr 13 20:34:09 debian kernel: [    0.178478] ACPI: LAPIC_NMI (acpi_id[0x6e] high edge lint[0x1])
Apr 13 20:34:09 debian kernel: [    0.178479] ACPI: LAPIC_NMI (acpi_id[0x6f] high edge lint[0x1])
Apr 13 20:34:09 debian kernel: [    0.178479] ACPI: LAPIC_NMI (acpi_id[0x70] high edge lint[0x1])
Apr 13 20:34:09 debian kernel: [    0.178480] ACPI: LAPIC_NMI (acpi_id[0x71] high edge lint[0x1])
Apr 13 20:34:09 debian kernel: [    0.178480] ACPI: LAPIC_NMI (acpi_id[0x72] high edge lint[0x1])
Apr 13 20:34:09 debian kernel: [    0.178481] ACPI: LAPIC_NMI (acpi_id[0x73] high edge lint[0x1])
Apr 13 20:34:09 debian kernel: [    0.178481] ACPI: LAPIC_NMI (acpi_id[0x74] high edge lint[0x1])
Apr 13 20:34:09 debian kernel: [    0.178481] ACPI: LAPIC_NMI (acpi_id[0x75] high edge lint[0x1])
Apr 13 20:34:09 debian kernel: [    0.178482] ACPI: LAPIC_NMI (acpi_id[0x76] high edge lint[0x1])
Apr 13 20:34:09 debian kernel: [    0.178482] ACPI: LAPIC_NMI (acpi_id[0x77] high edge lint[0x1])
Apr 13 20:34:09 debian kernel: [    0.178483] ACPI: LAPIC_NMI (acpi_id[0x78] high edge lint[0x1])
Apr 13 20:34:09 debian kernel: [    0.178483] ACPI: LAPIC_NMI (acpi_id[0x79] high edge lint[0x1])
Apr 13 20:34:09 debian kernel: [    0.178483] ACPI: LAPIC_NMI (acpi_id[0x7a] high edge lint[0x1])
Apr 13 20:34:09 debian kernel: [    0.178484] ACPI: LAPIC_NMI (acpi_id[0x7b] high edge lint[0x1])
Apr 13 20:34:09 debian kernel: [    0.178484] ACPI: LAPIC_NMI (acpi_id[0x7c] high edge lint[0x1])
Apr 13 20:34:09 debian kernel: [    0.178485] ACPI: LAPIC_NMI (acpi_id[0x7d] high edge lint[0x1])
Apr 13 20:34:09 debian kernel: [    0.178485] ACPI: LAPIC_NMI (acpi_id[0x7e] high edge lint[0x1])
Apr 13 20:34:09 debian kernel: [    0.178486] ACPI: LAPIC_NMI (acpi_id[0x7f] high edge lint[0x1])
Apr 13 20:34:09 debian kernel: [    0.178544] IOAPIC[0]: apic_id 12, version 32, address 0xfec00000, GSI 0-23
Apr 13 20:34:09 debian kernel: [    0.178548] ACPI: INT_SRC_OVR (bus 0 bus_irq 0 global_irq 2 high edge)
Apr 13 20:34:09 debian kernel: [    0.178550] ACPI: IRQ0 used by override.
Apr 13 20:34:09 debian kernel: [    0.178550] ACPI: IRQ9 used by override.
Apr 13 20:34:09 debian kernel: [    0.178553] Using ACPI (MADT) for SMP configuration information
Apr 13 20:34:09 debian kernel: [    0.178554] ACPI: HPET id: 0x8086af01 base: 0xfed00000
Apr 13 20:34:09 debian kernel: [    0.178567] smpboot: Allowing 128 CPUs, 116 hotplug CPUs
Apr 13 20:34:09 debian kernel: [    0.178628] PM: hibernation: Registered nosave memory: [mem 0x00000000-0x00000fff]
Apr 13 20:34:09 debian kernel: [    0.178629] PM: hibernation: Registered nosave memory: [mem 0x0009e000-0x0009efff]
Apr 13 20:34:09 debian kernel: [    0.178629] PM: hibernation: Registered nosave memory: [mem 0x0009f000-0x0009ffff]
Apr 13 20:34:09 debian kernel: [    0.178630] PM: hibernation: Registered nosave memory: [mem 0x000a0000-0x000dbfff]
Apr 13 20:34:09 debian kernel: [    0.178630] PM: hibernation: Registered nosave memory: [mem 0x000dc000-0x000fffff]
Apr 13 20:34:09 debian kernel: [    0.178631] PM: hibernation: Registered nosave memory: [mem 0xbfee0000-0xbfefefff]
Apr 13 20:34:09 debian kernel: [    0.178632] PM: hibernation: Registered nosave memory: [mem 0xbfeff000-0xbfefffff]
Apr 13 20:34:09 debian kernel: [    0.178632] PM: hibernation: Registered nosave memory: [mem 0xc0000000-0xefffffff]
Apr 13 20:34:09 debian kernel: [    0.178633] PM: hibernation: Registered nosave memory: [mem 0xf0000000-0xf7ffffff]
Apr 13 20:34:09 debian kernel: [    0.178633] PM: hibernation: Registered nosave memory: [mem 0xf8000000-0xfebfffff]
Apr 13 20:34:09 debian kernel: [    0.178634] PM: hibernation: Registered nosave memory: [mem 0xfec00000-0xfec0ffff]
Apr 13 20:34:09 debian kernel: [    0.178634] PM: hibernation: Registered nosave memory: [mem 0xfec10000-0xfedfffff]
Apr 13 20:34:09 debian kernel: [    0.178634] PM: hibernation: Registered nosave memory: [mem 0xfee00000-0xfee00fff]
Apr 13 20:34:09 debian kernel: [    0.178635] PM: hibernation: Registered nosave memory: [mem 0xfee01000-0xfffdffff]
Apr 13 20:34:09 debian kernel: [    0.178635] PM: hibernation: Registered nosave memory: [mem 0xfffe0000-0xffffffff]
Apr 13 20:34:09 debian kernel: [    0.178637] [mem 0xc0000000-0xefffffff] available for PCI devices
Apr 13 20:34:09 debian kernel: [    0.178638] Booting paravirtualized kernel on VMware hypervisor
Apr 13 20:34:09 debian kernel: [    0.178641] clocksource: refined-jiffies: mask: 0xffffffff max_cycles: 0xffffffff, max_idle_ns: 7645519600211568 ns
Apr 13 20:34:09 debian kernel: [    0.181819] setup_percpu: NR_CPUS:8192 nr_cpumask_bits:128 nr_cpu_ids:128 nr_node_ids:1
Apr 13 20:34:09 debian kernel: [    0.290076] percpu: Embedded 58 pages/cpu s200536 r8192 d28840 u262144
Apr 13 20:34:09 debian kernel: [    0.290088] pcpu-alloc: s200536 r8192 d28840 u262144 alloc=1*2097152
Apr 13 20:34:09 debian kernel: [    0.290089] pcpu-alloc: [0] 000 001 002 003 004 005 006 007
Apr 13 20:34:09 debian kernel: [    0.290093] pcpu-alloc: [0] 008 009 010 011 012 013 014 015
Apr 13 20:34:09 debian kernel: [    0.290096] pcpu-alloc: [0] 016 017 018 019 020 021 022 023
Apr 13 20:34:09 debian kernel: [    0.290099] pcpu-alloc: [0] 024 025 026 027 028 029 030 031
Apr 13 20:34:09 debian kernel: [    0.290102] pcpu-alloc: [0] 032 033 034 035 036 037 038 039
Apr 13 20:34:09 debian kernel: [    0.290105] pcpu-alloc: [0] 040 041 042 043 044 045 046 047
Apr 13 20:34:09 debian kernel: [    0.290108] pcpu-alloc: [0] 048 049 050 051 052 053 054 055
Apr 13 20:34:09 debian kernel: [    0.290111] pcpu-alloc: [0] 056 057 058 059 060 061 062 063
Apr 13 20:34:09 debian kernel: [    0.290114] pcpu-alloc: [0] 064 065 066 067 068 069 070 071
Apr 13 20:34:09 debian kernel: [    0.290118] pcpu-alloc: [0] 072 073 074 075 076 077 078 079
Apr 13 20:34:09 debian kernel: [    0.290121] pcpu-alloc: [0] 080 081 082 083 084 085 086 087
Apr 13 20:34:09 debian kernel: [    0.290124] pcpu-alloc: [0] 088 089 090 091 092 093 094 095
Apr 13 20:34:09 debian kernel: [    0.290127] pcpu-alloc: [0] 096 097 098 099 100 101 102 103
Apr 13 20:34:09 debian kernel: [    0.290130] pcpu-alloc: [0] 104 105 106 107 108 109 110 111
Apr 13 20:34:09 debian kernel: [    0.290133] pcpu-alloc: [0] 112 113 114 115 116 117 118 119
Apr 13 20:34:09 debian kernel: [    0.290136] pcpu-alloc: [0] 120 121 122 123 124 125 126 127
Apr 13 20:34:09 debian kernel: [    0.290228] Built 1 zonelists, mobility grouping on.  Total pages: 2064232
Apr 13 20:34:09 debian kernel: [    0.290229] Policy zone: Normal
Apr 13 20:34:09 debian kernel: [    0.290231] Kernel command line: BOOT_IMAGE=/boot/vmlinuz-5.10.0-12-amd64 root=UUID=29c284b3-cc05-42d5-9d9a-dffe6c9b17b0 ro quiet splash resume=UUID=1156660f-5265-4e3d-a7ae-1b4ad865b2f9
Apr 13 20:34:09 debian kernel: [    0.290294] printk: log_buf_len individual max cpu contribution: 4096 bytes
Apr 13 20:34:09 debian kernel: [    0.290294] printk: log_buf_len total cpu_extra contributions: 520192 bytes
Apr 13 20:34:09 debian kernel: [    0.290295] printk: log_buf_len min size: 131072 bytes
Apr 13 20:34:09 debian systemd[1]: Finished Initialize hardware monitoring sensors.
Apr 13 20:34:09 debian kernel: [    0.305055] printk: log_buf_len: 1048576 bytes
Apr 13 20:34:09 debian kernel: [    0.305057] printk: early log buf free: 106376(81%)
Apr 13 20:34:09 debian kernel: [    0.331022] Dentry cache hash table entries: 1048576 (order: 11, 8388608 bytes, linear)
Apr 13 20:34:09 debian kernel: [    0.343658] Inode-cache hash table entries: 524288 (order: 10, 4194304 bytes, linear)
Apr 13 20:34:09 debian kernel: [    0.344522] mem auto-init: stack:off, heap alloc:on, heap free:off
Apr 13 20:34:09 debian kernel: [    0.461935] Memory: 3133580K/8388084K available (12295K kernel code, 2545K rwdata, 7568K rodata, 2412K init, 3680K bss, 355660K reserved, 0K cma-reserved)
Apr 13 20:34:09 debian kernel: [    0.461943] random: get_random_u64 called from __kmem_cache_create+0x2a/0x4d0 with crng_init=0
Apr 13 20:34:09 debian kernel: [    0.462969] SLUB: HWalign=64, Order=0-3, MinObjects=0, CPUs=128, Nodes=1
Apr 13 20:34:09 debian kernel: [    0.463048] ftrace: allocating 36451 entries in 143 pages
Apr 13 20:34:09 debian kernel: [    0.474059] ftrace: allocated 143 pages with 5 groups
Apr 13 20:34:09 debian kernel: [    0.476116] rcu: Hierarchical RCU implementation.
Apr 13 20:34:09 debian kernel: [    0.476119] rcu: 	RCU restricting CPUs from NR_CPUS=8192 to nr_cpu_ids=128.
Apr 13 20:34:09 debian kernel: [    0.476120] 	Rude variant of Tasks RCU enabled.
Apr 13 20:34:09 debian kernel: [    0.476121] 	Tracing variant of Tasks RCU enabled.
Apr 13 20:34:09 debian kernel: [    0.476122] rcu: RCU calculated value of scheduler-enlistment delay is 25 jiffies.
Apr 13 20:34:09 debian kernel: [    0.476123] rcu: Adjusting geometry for rcu_fanout_leaf=16, nr_cpu_ids=128
Apr 13 20:34:09 debian kernel: [    0.480071] NR_IRQS: 524544, nr_irqs: 1448, preallocated irqs: 16
Apr 13 20:34:09 debian kernel: [    0.480954] random: crng done (trusting CPU's manufacturer)
Apr 13 20:34:09 debian kernel: [    0.482607] Console: colour VGA+ 80x25
Apr 13 20:34:09 debian kernel: [    0.482626] printk: console [tty0] enabled
Apr 13 20:34:09 debian kernel: [    0.482786] ACPI: Core revision 20200925
Apr 13 20:34:09 debian kernel: [    0.483497] clocksource: hpet: mask: 0xffffffff max_cycles: 0xffffffff, max_idle_ns: 133484882848 ns
Apr 13 20:34:09 debian kernel: [    0.483581] APIC: Switch to symmetric I/O mode setup
Apr 13 20:34:09 debian kernel: [    0.483919] x2apic enabled
Apr 13 20:34:09 debian kernel: [    0.484190] Switched APIC routing to physical x2apic.
Apr 13 20:34:09 debian kernel: [    0.485359] ..TIMER: vector=0x30 apic1=0 pin1=2 apic2=-1 pin2=-1
Apr 13 20:34:09 debian kernel: [    0.485397] clocksource: tsc-early: mask: 0xffffffffffffffff max_cycles: 0x2b298044053, max_idle_ns: 440795358212 ns
Apr 13 20:34:09 debian kernel: [    0.485402] Calibrating delay loop (skipped) preset value.. 5988.74 BogoMIPS (lpj=11977484)
Apr 13 20:34:09 debian kernel: [    0.485405] pid_max: default: 131072 minimum: 1024
Apr 13 20:34:09 debian kernel: [    0.485558] LSM: Security Framework initializing
Apr 13 20:34:09 debian kernel: [    0.485581] Yama: disabled by default; enable with sysctl kernel.yama.*
Apr 13 20:34:09 debian kernel: [    0.485885] AppArmor: AppArmor initialized
Apr 13 20:34:09 debian kernel: [    0.485887] TOMOYO Linux initialized
Apr 13 20:34:09 debian kernel: [    0.486496] Mount-cache hash table entries: 16384 (order: 5, 131072 bytes, linear)
Apr 13 20:34:09 debian kernel: [    0.486983] Mountpoint-cache hash table entries: 16384 (order: 5, 131072 bytes, linear)
Apr 13 20:34:09 debian kernel: [    0.490308] x86/cpu: User Mode Instruction Prevention (UMIP) activated
Apr 13 20:34:09 debian kernel: [    0.490376] LVT offset 2 assigned for vector 0xf4
Apr 13 20:34:09 debian kernel: [    0.490389] Last level iTLB entries: 4KB 1024, 2MB 1024, 4MB 512
Apr 13 20:34:09 debian kernel: [    0.490390] Last level dTLB entries: 4KB 2048, 2MB 2048, 4MB 1024, 1GB 0
Apr 13 20:34:09 debian kernel: [    0.490394] Spectre V1 : Mitigation: usercopy/swapgs barriers and __user pointer sanitization
Apr 13 20:34:09 debian kernel: [    0.490396] Spectre V2 : Mitigation: Retpolines
Apr 13 20:34:09 debian kernel: [    0.490396] Spectre V2 : Spectre v2 / SpectreRSB mitigation: Filling RSB on context switch
Apr 13 20:34:09 debian kernel: [    0.490398] Spectre V2 : mitigation: Enabling conditional Indirect Branch Prediction Barrier
Apr 13 20:34:09 debian kernel: [    0.490399] Speculative Store Bypass: Mitigation: Speculative Store Bypass disabled via prctl and seccomp
Apr 13 20:34:09 debian kernel: [    0.490555] Freeing SMP alternatives memory: 32K
Apr 13 20:34:09 debian kernel: [    0.505399] smpboot: CPU0: AMD Ryzen 5 4600H with Radeon Graphics (family: 0x17, model: 0x60, stepping: 0x1)
Apr 13 20:34:09 debian kernel: [    0.505399] Performance Events: AMD PMU driver.
Apr 13 20:34:09 debian kernel: [    0.505399] ... version:                0
Apr 13 20:34:09 debian kernel: [    0.505399] ... bit width:              48
Apr 13 20:34:09 debian kernel: [    0.505399] ... generic registers:      4
Apr 13 20:34:09 debian kernel: [    0.505399] ... value mask:             0000ffffffffffff
Apr 13 20:34:09 debian kernel: [    0.505399] ... max period:             00007fffffffffff
Apr 13 20:34:09 debian kernel: [    0.505399] ... fixed-purpose events:   0
Apr 13 20:34:09 debian kernel: [    0.505399] ... event mask:             000000000000000f
Apr 13 20:34:09 debian kernel: [    0.505399] rcu: Hierarchical SRCU implementation.
Apr 13 20:34:09 debian kernel: [    0.505893] NMI watchdog: Enabled. Permanently consumes one hw-PMU counter.
Apr 13 20:34:09 debian kernel: [    0.518926] smp: Bringing up secondary CPUs ...
Apr 13 20:34:09 debian kernel: [    0.519637] x86: Booting SMP configuration:
Apr 13 20:34:09 debian kernel: [    0.519639] .... node  #0, CPUs:          #1   #2   #3   #4   #5   #6   #7   #8   #9  #10  #11
Apr 13 20:34:09 debian kernel: [    0.543313] smp: Brought up 1 node, 12 CPUs
Apr 13 20:34:09 debian kernel: [    0.543313] smpboot: Max logical packages: 11
Apr 13 20:34:09 debian kernel: [    0.543313] smpboot: Total of 12 processors activated (71864.90 BogoMIPS)
Apr 13 20:34:09 debian kernel: [    0.992616] node 0 deferred pages initialised in 432ms
Apr 13 20:34:09 debian kernel: [    0.997520] devtmpfs: initialized
Apr 13 20:34:09 debian kernel: [    0.997520] x86/mm: Memory block size: 128MB
Apr 13 20:34:09 debian kernel: [    0.998104] PM: Registering ACPI NVS region [mem 0xbfeff000-0xbfefffff] (4096 bytes)
Apr 13 20:34:09 debian kernel: [    0.998104] clocksource: jiffies: mask: 0xffffffff max_cycles: 0xffffffff, max_idle_ns: 7645041785100000 ns
Apr 13 20:34:09 debian kernel: [    1.001676] futex hash table entries: 32768 (order: 9, 2097152 bytes, linear)
Apr 13 20:34:09 debian kernel: [    1.002205] pinctrl core: initialized pinctrl subsystem
Apr 13 20:34:09 debian kernel: [    1.003287] NET: Registered protocol family 16
Apr 13 20:34:09 debian kernel: [    1.003352] audit: initializing netlink subsys (disabled)
Apr 13 20:34:09 debian kernel: [    1.005443] audit: type=2000 audit(1649871237.520:1): state=initialized audit_enabled=0 res=1
Apr 13 20:34:09 debian kernel: [    1.005571] thermal_sys: Registered thermal governor 'fair_share'
Apr 13 20:34:09 debian kernel: [    1.005573] thermal_sys: Registered thermal governor 'bang_bang'
Apr 13 20:34:09 debian kernel: [    1.005574] thermal_sys: Registered thermal governor 'step_wise'
Apr 13 20:34:09 debian kernel: [    1.005575] thermal_sys: Registered thermal governor 'user_space'
Apr 13 20:34:09 debian kernel: [    1.005576] thermal_sys: Registered thermal governor 'power_allocator'
Apr 13 20:34:09 debian kernel: [    1.005619] cpuidle: using governor ladder
Apr 13 20:34:09 debian kernel: [    1.005619] cpuidle: using governor menu
Apr 13 20:34:09 debian kernel: [    1.005619] Simple Boot Flag at 0x36 set to 0x80
Apr 13 20:34:09 debian kernel: [    1.005619] ACPI: bus type PCI registered
Apr 13 20:34:09 debian kernel: [    1.005619] acpiphp: ACPI Hot Plug PCI Controller Driver version: 0.5
Apr 13 20:34:09 debian kernel: [    1.005647] PCI: MMCONFIG for domain 0000 [bus 00-7f] at [mem 0xf0000000-0xf7ffffff] (base 0xf0000000)
Apr 13 20:34:09 debian kernel: [    1.005649] PCI: MMCONFIG at [mem 0xf0000000-0xf7ffffff] reserved in E820
Apr 13 20:34:09 debian kernel: [    1.005655] pmd_set_huge: Cannot satisfy [mem 0xf0000000-0xf0200000] with a huge-page mapping due to MTRR override.
Apr 13 20:34:09 debian kernel: [    1.005762] PCI: Using configuration type 1 for base access
Apr 13 20:34:09 debian kernel: [    1.005856] Kprobes globally optimized
Apr 13 20:34:09 debian kernel: [    1.009495] HugeTLB registered 1.00 GiB page size, pre-allocated 0 pages
Apr 13 20:34:09 debian kernel: [    1.009495] HugeTLB registered 2.00 MiB page size, pre-allocated 0 pages
Apr 13 20:34:09 debian kernel: [    1.309719] ACPI: Added _OSI(Module Device)
Apr 13 20:34:09 debian kernel: [    1.309721] ACPI: Added _OSI(Processor Device)
Apr 13 20:34:09 debian kernel: [    1.309722] ACPI: Added _OSI(3.0 _SCP Extensions)
Apr 13 20:34:09 debian kernel: [    1.309723] ACPI: Added _OSI(Processor Aggregator Device)
Apr 13 20:34:09 debian kernel: [    1.309725] ACPI: Added _OSI(Linux-Dell-Video)
Apr 13 20:34:09 debian kernel: [    1.309726] ACPI: Added _OSI(Linux-Lenovo-NV-HDMI-Audio)
Apr 13 20:34:09 debian kernel: [    1.309728] ACPI: Added _OSI(Linux-HPI-Hybrid-Graphics)
Apr 13 20:34:09 debian kernel: [    1.317408] ACPI: 1 ACPI AML tables successfully acquired and loaded
Apr 13 20:34:09 debian kernel: [    1.317408] ACPI: [Firmware Bug]: BIOS _OSI(Linux) query ignored
Apr 13 20:34:09 debian kernel: [    1.328115] ACPI: Interpreter enabled
Apr 13 20:34:09 debian kernel: [    1.328125] ACPI: (supports S0 S1 S4 S5)
Apr 13 20:34:09 debian kernel: [    1.328126] ACPI: Using IOAPIC for interrupt routing
Apr 13 20:34:09 debian kernel: [    1.328141] PCI: Using host bridge windows from ACPI; if necessary, use "pci=nocrs" and report a bug
Apr 13 20:34:09 debian kernel: [    1.328494] ACPI: Enabled 4 GPEs in block 00 to 0F
Apr 13 20:34:09 debian kernel: [    1.372629] ACPI: PCI Root Bridge [PCI0] (domain 0000 [bus 00-7f])
Apr 13 20:34:09 debian kernel: [    1.372635] acpi PNP0A03:00: _OSC: OS supports [ExtendedConfig ASPM ClockPM Segments MSI HPX-Type3]
Apr 13 20:34:09 debian kernel: [    1.372768] acpi PNP0A03:00: _OSC: platform does not support [AER LTR]
Apr 13 20:34:09 debian kernel: [    1.372902] acpi PNP0A03:00: _OSC: OS now controls [PCIeHotplug SHPCHotplug PME PCIeCapability]
Apr 13 20:34:09 debian kernel: [    1.374256] PCI host bridge to bus 0000:00
Apr 13 20:34:09 debian kernel: [    1.374258] pci_bus 0000:00: root bus resource [mem 0x000a0000-0x000bffff window]
Apr 13 20:34:09 debian kernel: [    1.374259] pci_bus 0000:00: root bus resource [mem 0x000cc000-0x000cffff window]
Apr 13 20:34:09 debian kernel: [    1.374259] pci_bus 0000:00: root bus resource [mem 0x000d0000-0x000d3fff window]
Apr 13 20:34:09 debian kernel: [    1.374260] pci_bus 0000:00: root bus resource [mem 0x000d4000-0x000d7fff window]
Apr 13 20:34:09 debian kernel: [    1.374261] pci_bus 0000:00: root bus resource [mem 0x000d8000-0x000dbfff window]
Apr 13 20:34:09 debian kernel: [    1.374261] pci_bus 0000:00: root bus resource [mem 0xc0000000-0xfebfffff window]
Apr 13 20:34:09 debian kernel: [    1.374262] pci_bus 0000:00: root bus resource [io  0x0000-0x0cf7 window]
Apr 13 20:34:09 debian kernel: [    1.374262] pci_bus 0000:00: root bus resource [io  0x0d00-0xfeff window]
Apr 13 20:34:09 debian kernel: [    1.374263] pci_bus 0000:00: root bus resource [bus 00-7f]
Apr 13 20:34:09 debian kernel: [    1.374357] pci 0000:00:00.0: [8086:7190] type 00 class 0x060000
Apr 13 20:34:09 debian kernel: [    1.374951] pci 0000:00:01.0: [8086:7191] type 01 class 0x060400
Apr 13 20:34:09 debian kernel: [    1.375435] pci 0000:00:07.0: [8086:7110] type 00 class 0x060100
Apr 13 20:34:09 debian kernel: [    1.376073] pci 0000:00:07.1: [8086:7111] type 00 class 0x01018a
Apr 13 20:34:09 debian kernel: [    1.385409] pci 0000:00:07.1: reg 0x20: [io  0x1060-0x106f]
Apr 13 20:34:09 debian kernel: [    1.387664] pci 0000:00:07.1: legacy IDE quirk: reg 0x10: [io  0x01f0-0x01f7]
Apr 13 20:34:09 debian kernel: [    1.387666] pci 0000:00:07.1: legacy IDE quirk: reg 0x14: [io  0x03f6]
Apr 13 20:34:09 debian kernel: [    1.387666] pci 0000:00:07.1: legacy IDE quirk: reg 0x18: [io  0x0170-0x0177]
Apr 13 20:34:09 debian kernel: [    1.387667] pci 0000:00:07.1: legacy IDE quirk: reg 0x1c: [io  0x0376]
Apr 13 20:34:09 debian kernel: [    1.387927] pci 0000:00:07.3: [8086:7113] type 00 class 0x068000
Apr 13 20:34:09 debian kernel: [    1.398641] pci 0000:00:07.3: quirk: [io  0x1000-0x103f] claimed by PIIX4 ACPI
Apr 13 20:34:09 debian kernel: [    1.398671] pci 0000:00:07.3: quirk: [io  0x1040-0x104f] claimed by PIIX4 SMB
Apr 13 20:34:09 debian kernel: [    1.399588] pci 0000:00:07.7: [15ad:0740] type 00 class 0x088000
Apr 13 20:34:09 debian kernel: [    1.402644] pci 0000:00:07.7: reg 0x10: [io  0x1080-0x10bf]
Apr 13 20:34:09 debian kernel: [    1.405414] pci 0000:00:07.7: reg 0x14: [mem 0xfebfe000-0xfebfffff 64bit]
Apr 13 20:34:09 debian kernel: [    1.413760] pci 0000:00:0f.0: [15ad:0405] type 00 class 0x030000
Apr 13 20:34:09 debian kernel: [    1.421420] pci 0000:00:0f.0: reg 0x10: [io  0x1070-0x107f]
Apr 13 20:34:09 debian kernel: [    1.424419] pci 0000:00:0f.0: reg 0x14: [mem 0xe8000000-0xefffffff pref]
Apr 13 20:34:09 debian kernel: [    1.427063] pci 0000:00:0f.0: reg 0x18: [mem 0xfe000000-0xfe7fffff]
Apr 13 20:34:09 debian kernel: [    1.444074] pci 0000:00:0f.0: reg 0x30: [mem 0x00000000-0x00007fff pref]
Apr 13 20:34:09 debian kernel: [    1.444768] pci 0000:00:10.0: [1000:0030] type 00 class 0x010000
Apr 13 20:34:09 debian kernel: [    1.446570] pci 0000:00:10.0: reg 0x10: [io  0x1400-0x14ff]
Apr 13 20:34:09 debian kernel: [    1.446570] pci 0000:00:10.0: reg 0x14: [mem 0xfeba0000-0xfebbffff 64bit]
Apr 13 20:34:09 debian kernel: [    1.448905] pci 0000:00:10.0: reg 0x1c: [mem 0xfebc0000-0xfebdffff 64bit]
Apr 13 20:34:09 debian kernel: [    1.457417] pci 0000:00:10.0: reg 0x30: [mem 0x00000000-0x00003fff pref]
Apr 13 20:34:09 debian kernel: [    1.458559] pci 0000:00:11.0: [15ad:0790] type 01 class 0x060401
Apr 13 20:34:09 debian kernel: [    1.460823] pci 0000:00:15.0: [15ad:07a0] type 01 class 0x060400
Apr 13 20:34:09 debian kernel: [    1.460823] pci 0000:00:15.0: PME# supported from D0 D3hot D3cold
Apr 13 20:34:09 debian kernel: [    1.460823] pci 0000:00:15.1: [15ad:07a0] type 01 class 0x060400
Apr 13 20:34:09 debian kernel: [    1.466784] pci 0000:00:15.1: PME# supported from D0 D3hot D3cold
Apr 13 20:34:09 debian kernel: [    1.467848] pci 0000:00:15.2: [15ad:07a0] type 01 class 0x060400
Apr 13 20:34:09 debian kernel: [    1.467848] pci 0000:00:15.2: PME# supported from D0 D3hot D3cold
Apr 13 20:34:09 debian kernel: [    1.467913] pci 0000:00:15.3: [15ad:07a0] type 01 class 0x060400
Apr 13 20:34:09 debian kernel: [    1.470236] pci 0000:00:15.3: PME# supported from D0 D3hot D3cold
Apr 13 20:34:09 debian kernel: [    1.471286] pci 0000:00:15.4: [15ad:07a0] type 01 class 0x060400
Apr 13 20:34:09 debian kernel: [    1.473399] pci 0000:00:15.4: PME# supported from D0 D3hot D3cold
Apr 13 20:34:09 debian kernel: [    1.474457] pci 0000:00:15.5: [15ad:07a0] type 01 class 0x060400
Apr 13 20:34:09 debian kernel: [    1.476668] pci 0000:00:15.5: PME# supported from D0 D3hot D3cold
Apr 13 20:34:09 debian kernel: [    1.477831] pci 0000:00:15.6: [15ad:07a0] type 01 class 0x060400
Apr 13 20:34:09 debian kernel: [    1.480520] pci 0000:00:15.6: PME# supported from D0 D3hot D3cold
Apr 13 20:34:09 debian kernel: [    1.481766] pci 0000:00:15.7: [15ad:07a0] type 01 class 0x060400
Apr 13 20:34:09 debian kernel: [    1.484092] pci 0000:00:15.7: PME# supported from D0 D3hot D3cold
Apr 13 20:34:09 debian kernel: [    1.485110] pci 0000:00:16.0: [15ad:07a0] type 01 class 0x060400
Apr 13 20:34:09 debian kernel: [    1.487438] pci 0000:00:16.0: PME# supported from D0 D3hot D3cold
Apr 13 20:34:09 debian kernel: [    1.488453] pci 0000:00:16.1: [15ad:07a0] type 01 class 0x060400
Apr 13 20:34:09 debian kernel: [    1.490872] pci 0000:00:16.1: PME# supported from D0 D3hot D3cold
Apr 13 20:34:09 debian kernel: [    1.492079] pci 0000:00:16.2: [15ad:07a0] type 01 class 0x060400
Apr 13 20:34:09 debian kernel: [    1.494630] pci 0000:00:16.2: PME# supported from D0 D3hot D3cold
Apr 13 20:34:09 debian kernel: [    1.495636] pci 0000:00:16.3: [15ad:07a0] type 01 class 0x060400
Apr 13 20:34:09 debian kernel: [    1.497834] pci 0000:00:16.3: PME# supported from D0 D3hot D3cold
Apr 13 20:34:09 debian kernel: [    1.498897] pci 0000:00:16.4: [15ad:07a0] type 01 class 0x060400
Apr 13 20:34:09 debian kernel: [    1.501114] pci 0000:00:16.4: PME# supported from D0 D3hot D3cold
Apr 13 20:34:09 debian kernel: [    1.502147] pci 0000:00:16.5: [15ad:07a0] type 01 class 0x060400
Apr 13 20:34:09 debian kernel: [    1.504332] pci 0000:00:16.5: PME# supported from D0 D3hot D3cold
Apr 13 20:34:09 debian kernel: [    1.505328] pci 0000:00:16.6: [15ad:07a0] type 01 class 0x060400
Apr 13 20:34:09 debian kernel: [    1.507573] pci 0000:00:16.6: PME# supported from D0 D3hot D3cold
Apr 13 20:34:09 debian kernel: [    1.508549] pci 0000:00:16.7: [15ad:07a0] type 01 class 0x060400
Apr 13 20:34:09 debian kernel: [    1.510756] pci 0000:00:16.7: PME# supported from D0 D3hot D3cold
Apr 13 20:34:09 debian kernel: [    1.511754] pci 0000:00:17.0: [15ad:07a0] type 01 class 0x060400
Apr 13 20:34:09 debian kernel: [    1.513922] pci 0000:00:17.0: PME# supported from D0 D3hot D3cold
Apr 13 20:34:09 debian kernel: [    1.514958] pci 0000:00:17.1: [15ad:07a0] type 01 class 0x060400
Apr 13 20:34:09 debian kernel: [    1.517101] pci 0000:00:17.1: PME# supported from D0 D3hot D3cold
Apr 13 20:34:09 debian kernel: [    1.517878] pci 0000:00:17.2: [15ad:07a0] type 01 class 0x060400
Apr 13 20:34:09 debian kernel: [    1.519625] pci 0000:00:17.2: PME# supported from D0 D3hot D3cold
Apr 13 20:34:09 debian kernel: [    1.520410] pci 0000:00:17.3: [15ad:07a0] type 01 class 0x060400
Apr 13 20:34:09 debian kernel: [    1.522113] pci 0000:00:17.3: PME# supported from D0 D3hot D3cold
Apr 13 20:34:09 debian kernel: [    1.522916] pci 0000:00:17.4: [15ad:07a0] type 01 class 0x060400
Apr 13 20:34:09 debian kernel: [    1.524602] pci 0000:00:17.4: PME# supported from D0 D3hot D3cold
Apr 13 20:34:09 debian kernel: [    1.525457] pci 0000:00:17.5: [15ad:07a0] type 01 class 0x060400
Apr 13 20:34:09 debian kernel: [    1.527215] pci 0000:00:17.5: PME# supported from D0 D3hot D3cold
Apr 13 20:34:09 debian kernel: [    1.528082] pci 0000:00:17.6: [15ad:07a0] type 01 class 0x060400
Apr 13 20:34:09 debian kernel: [    1.529778] pci 0000:00:17.6: PME# supported from D0 D3hot D3cold
Apr 13 20:34:09 debian kernel: [    1.530602] pci 0000:00:17.7: [15ad:07a0] type 01 class 0x060400
Apr 13 20:34:09 debian kernel: [    1.532318] pci 0000:00:17.7: PME# supported from D0 D3hot D3cold
Apr 13 20:34:09 debian kernel: [    1.532828] pci 0000:00:18.0: [15ad:07a0] type 01 class 0x060400
Apr 13 20:34:09 debian kernel: [    1.535390] pci 0000:00:18.0: PME# supported from D0 D3hot D3cold
Apr 13 20:34:09 debian kernel: [    1.535437] pci 0000:00:18.1: [15ad:07a0] type 01 class 0x060400
Apr 13 20:34:09 debian kernel: [    1.537399] pci 0000:00:18.1: PME# supported from D0 D3hot D3cold
Apr 13 20:34:09 debian kernel: [    1.538185] pci 0000:00:18.2: [15ad:07a0] type 01 class 0x060400
Apr 13 20:34:09 debian kernel: [    1.540517] pci 0000:00:18.2: PME# supported from D0 D3hot D3cold
Apr 13 20:34:09 debian kernel: [    1.541740] pci 0000:00:18.3: [15ad:07a0] type 01 class 0x060400
Apr 13 20:34:09 debian kernel: [    1.543820] pci 0000:00:18.3: PME# supported from D0 D3hot D3cold
Apr 13 20:34:09 debian kernel: [    1.544625] pci 0000:00:18.4: [15ad:07a0] type 01 class 0x060400
Apr 13 20:34:09 debian kernel: [    1.546434] pci 0000:00:18.4: PME# supported from D0 D3hot D3cold
Apr 13 20:34:09 debian kernel: [    1.546952] pci 0000:00:18.5: [15ad:07a0] type 01 class 0x060400
Apr 13 20:34:09 debian kernel: [    1.547728] pci 0000:00:18.5: PME# supported from D0 D3hot D3cold
Apr 13 20:34:09 debian kernel: [    1.548079] pci 0000:00:18.6: [15ad:07a0] type 01 class 0x060400
Apr 13 20:34:09 debian kernel: [    1.548842] pci 0000:00:18.6: PME# supported from D0 D3hot D3cold
Apr 13 20:34:09 debian kernel: [    1.549216] pci 0000:00:18.7: [15ad:07a0] type 01 class 0x060400
Apr 13 20:34:09 debian kernel: [    1.550027] pci 0000:00:18.7: PME# supported from D0 D3hot D3cold
Apr 13 20:34:09 debian kernel: [    1.550439] pci_bus 0000:01: extended config space not accessible
Apr 13 20:34:09 debian kernel: [    1.550474] pci 0000:00:01.0: PCI bridge to [bus 01]
Apr 13 20:34:09 debian kernel: [    1.550653] pci_bus 0000:02: extended config space not accessible
Apr 13 20:34:09 debian kernel: [    1.550779] acpiphp: Slot [32] registered
Apr 13 20:34:09 debian kernel: [    1.550795] acpiphp: Slot [33] registered
Apr 13 20:34:09 debian kernel: [    1.550811] acpiphp: Slot [34] registered
Apr 13 20:34:09 debian kernel: [    1.550825] acpiphp: Slot [35] registered
Apr 13 20:34:09 debian kernel: [    1.550840] acpiphp: Slot [36] registered
Apr 13 20:34:09 debian kernel: [    1.550854] acpiphp: Slot [37] registered
Apr 13 20:34:09 debian kernel: [    1.550871] acpiphp: Slot [38] registered
Apr 13 20:34:09 debian kernel: [    1.550885] acpiphp: Slot [39] registered
Apr 13 20:34:09 debian kernel: [    1.550900] acpiphp: Slot [40] registered
Apr 13 20:34:09 debian kernel: [    1.550914] acpiphp: Slot [41] registered
Apr 13 20:34:09 debian kernel: [    1.550928] acpiphp: Slot [42] registered
Apr 13 20:34:09 debian kernel: [    1.550942] acpiphp: Slot [43] registered
Apr 13 20:34:09 debian kernel: [    1.550956] acpiphp: Slot [44] registered
Apr 13 20:34:09 debian kernel: [    1.550970] acpiphp: Slot [45] registered
Apr 13 20:34:09 debian kernel: [    1.550984] acpiphp: Slot [46] registered
Apr 13 20:34:09 debian kernel: [    1.551008] acpiphp: Slot [47] registered
Apr 13 20:34:09 debian kernel: [    1.551022] acpiphp: Slot [48] registered
Apr 13 20:34:09 debian kernel: [    1.551037] acpiphp: Slot [49] registered
Apr 13 20:34:09 debian kernel: [    1.551051] acpiphp: Slot [50] registered
Apr 13 20:34:09 debian kernel: [    1.551066] acpiphp: Slot [51] registered
Apr 13 20:34:09 debian kernel: [    1.551080] acpiphp: Slot [52] registered
Apr 13 20:34:09 debian kernel: [    1.551094] acpiphp: Slot [53] registered
Apr 13 20:34:09 debian kernel: [    1.551108] acpiphp: Slot [54] registered
Apr 13 20:34:09 debian kernel: [    1.551124] acpiphp: Slot [55] registered
Apr 13 20:34:09 debian kernel: [    1.551138] acpiphp: Slot [56] registered
Apr 13 20:34:09 debian kernel: [    1.551152] acpiphp: Slot [57] registered
Apr 13 20:34:09 debian kernel: [    1.551166] acpiphp: Slot [58] registered
Apr 13 20:34:09 debian kernel: [    1.551180] acpiphp: Slot [59] registered
Apr 13 20:34:09 debian kernel: [    1.551194] acpiphp: Slot [60] registered
Apr 13 20:34:09 debian kernel: [    1.551208] acpiphp: Slot [61] registered
Apr 13 20:34:09 debian kernel: [    1.551222] acpiphp: Slot [62] registered
Apr 13 20:34:09 debian kernel: [    1.551236] acpiphp: Slot [63] registered
Apr 13 20:34:09 debian kernel: [    1.551297] pci 0000:02:00.0: [15ad:0774] type 00 class 0x0c0300
Apr 13 20:34:09 debian kernel: [    1.561417] pci 0000:02:00.0: reg 0x20: [io  0x2040-0x205f]
Apr 13 20:34:09 debian kernel: [    1.566677] pci 0000:02:01.0: [8086:100f] type 00 class 0x020000
Apr 13 20:34:09 debian kernel: [    1.569418] pci 0000:02:01.0: reg 0x10: [mem 0xfd5c0000-0xfd5dffff 64bit]
Apr 13 20:34:09 debian kernel: [    1.573412] pci 0000:02:01.0: reg 0x18: [mem 0xfdff0000-0xfdffffff 64bit]
Apr 13 20:34:09 debian kernel: [    1.576156] pci 0000:02:01.0: reg 0x20: [io  0x2000-0x203f]
Apr 13 20:34:09 debian kernel: [    1.581409] pci 0000:02:01.0: reg 0x30: [mem 0x00000000-0x0000ffff pref]
Apr 13 20:34:09 debian kernel: [    1.581699] pci 0000:02:01.0: PME# supported from D0 D3hot D3cold
Apr 13 20:34:09 debian kernel: [    1.581989] pci 0000:02:03.0: [15ad:0770] type 00 class 0x0c0320
Apr 13 20:34:09 debian kernel: [    1.583178] pci 0000:02:03.0: reg 0x10: [mem 0xfd5ef000-0xfd5effff]
Apr 13 20:34:09 debian kernel: [    1.596252] pci 0000:00:11.0: PCI bridge to [bus 02] (subtractive decode)
Apr 13 20:34:09 debian kernel: [    1.596346] pci 0000:00:11.0:   bridge window [io  0x2000-0x3fff]
Apr 13 20:34:09 debian kernel: [    1.596390] pci 0000:00:11.0:   bridge window [mem 0xfd500000-0xfdffffff]
Apr 13 20:34:09 debian kernel: [    1.596465] pci 0000:00:11.0:   bridge window [mem 0xe7b00000-0xe7ffffff 64bit pref]
Apr 13 20:34:09 debian kernel: [    1.596468] pci 0000:00:11.0:   bridge window [mem 0x000a0000-0x000bffff window] (subtractive decode)
Apr 13 20:34:09 debian kernel: [    1.596470] pci 0000:00:11.0:   bridge window [mem 0x000cc000-0x000cffff window] (subtractive decode)
Apr 13 20:34:09 debian kernel: [    1.596471] pci 0000:00:11.0:   bridge window [mem 0x000d0000-0x000d3fff window] (subtractive decode)
Apr 13 20:34:09 debian kernel: [    1.596472] pci 0000:00:11.0:   bridge window [mem 0x000d4000-0x000d7fff window] (subtractive decode)
Apr 13 20:34:09 debian kernel: [    1.596474] pci 0000:00:11.0:   bridge window [mem 0x000d8000-0x000dbfff window] (subtractive decode)
Apr 13 20:34:09 debian kernel: [    1.596475] pci 0000:00:11.0:   bridge window [mem 0xc0000000-0xfebfffff window] (subtractive decode)
Apr 13 20:34:09 debian kernel: [    1.596477] pci 0000:00:11.0:   bridge window [io  0x0000-0x0cf7 window] (subtractive decode)
Apr 13 20:34:09 debian kernel: [    1.596478] pci 0000:00:11.0:   bridge window [io  0x0d00-0xfeff window] (subtractive decode)
Apr 13 20:34:09 debian kernel: [    1.596478] pci 0000:00:15.0: PCI bridge to [bus 03]
Apr 13 20:34:09 debian kernel: [    1.596478] pci 0000:00:15.0:   bridge window [io  0x4000-0x4fff]
Apr 13 20:34:09 debian kernel: [    1.596478] pci 0000:00:15.0:   bridge window [mem 0xfd400000-0xfd4fffff]
Apr 13 20:34:09 debian kernel: [    1.596478] pci 0000:00:15.0:   bridge window [mem 0xe7a00000-0xe7afffff 64bit pref]
Apr 13 20:34:09 debian kernel: [    1.596478] pci 0000:00:15.1: PCI bridge to [bus 04]
Apr 13 20:34:09 debian kernel: [    1.596478] pci 0000:00:15.1:   bridge window [io  0x8000-0x8fff]
Apr 13 20:34:09 debian kernel: [    1.596478] pci 0000:00:15.1:   bridge window [mem 0xfd000000-0xfd0fffff]
Apr 13 20:34:09 debian kernel: [    1.596478] pci 0000:00:15.1:   bridge window [mem 0xe7600000-0xe76fffff 64bit pref]
Apr 13 20:34:09 debian kernel: [    1.596478] pci 0000:00:15.2: PCI bridge to [bus 05]
Apr 13 20:34:09 debian kernel: [    1.596478] pci 0000:00:15.2:   bridge window [io  0xc000-0xcfff]
Apr 13 20:34:09 debian kernel: [    1.596478] pci 0000:00:15.2:   bridge window [mem 0xfcc00000-0xfccfffff]
Apr 13 20:34:09 debian kernel: [    1.596478] pci 0000:00:15.2:   bridge window [mem 0xe7200000-0xe72fffff 64bit pref]
Apr 13 20:34:09 debian kernel: [    1.596478] pci 0000:00:15.3: PCI bridge to [bus 06]
Apr 13 20:34:09 debian kernel: [    1.596478] pci 0000:00:15.3:   bridge window [mem 0xfc800000-0xfc8fffff]
Apr 13 20:34:09 debian kernel: [    1.596478] pci 0000:00:15.3:   bridge window [mem 0xe6e00000-0xe6efffff 64bit pref]
Apr 13 20:34:09 debian kernel: [    1.596776] pci 0000:00:15.4: PCI bridge to [bus 07]
Apr 13 20:34:09 debian kernel: [    1.596850] pci 0000:00:15.4:   bridge window [mem 0xfc400000-0xfc4fffff]
Apr 13 20:34:09 debian kernel: [    1.596924] pci 0000:00:15.4:   bridge window [mem 0xe6a00000-0xe6afffff 64bit pref]
Apr 13 20:34:09 debian kernel: [    1.597517] pci 0000:00:15.5: PCI bridge to [bus 08]
Apr 13 20:34:09 debian kernel: [    1.597591] pci 0000:00:15.5:   bridge window [mem 0xfc000000-0xfc0fffff]
Apr 13 20:34:09 debian kernel: [    1.597665] pci 0000:00:15.5:   bridge window [mem 0xe6600000-0xe66fffff 64bit pref]
Apr 13 20:34:09 debian kernel: [    1.598289] pci 0000:00:15.6: PCI bridge to [bus 09]
Apr 13 20:34:09 debian kernel: [    1.598366] pci 0000:00:15.6:   bridge window [mem 0xfbc00000-0xfbcfffff]
Apr 13 20:34:09 debian kernel: [    1.598440] pci 0000:00:15.6:   bridge window [mem 0xe6200000-0xe62fffff 64bit pref]
Apr 13 20:34:09 debian kernel: [    1.599261] pci 0000:00:15.7: PCI bridge to [bus 0a]
Apr 13 20:34:09 debian kernel: [    1.599335] pci 0000:00:15.7:   bridge window [mem 0xfb800000-0xfb8fffff]
Apr 13 20:34:09 debian kernel: [    1.599409] pci 0000:00:15.7:   bridge window [mem 0xe5e00000-0xe5efffff 64bit pref]
Apr 13 20:34:09 debian kernel: [    1.599960] pci 0000:00:16.0: PCI bridge to [bus 0b]
Apr 13 20:34:09 debian kernel: [    1.600002] pci 0000:00:16.0:   bridge window [io  0x5000-0x5fff]
Apr 13 20:34:09 debian kernel: [    1.600041] pci 0000:00:16.0:   bridge window [mem 0xfd300000-0xfd3fffff]
Apr 13 20:34:09 debian kernel: [    1.600114] pci 0000:00:16.0:   bridge window [mem 0xe7900000-0xe79fffff 64bit pref]
Apr 13 20:34:09 debian kernel: [    1.600657] pci 0000:00:16.1: PCI bridge to [bus 0c]
Apr 13 20:34:09 debian kernel: [    1.600695] pci 0000:00:16.1:   bridge window [io  0x9000-0x9fff]
Apr 13 20:34:09 debian kernel: [    1.600733] pci 0000:00:16.1:   bridge window [mem 0xfcf00000-0xfcffffff]
Apr 13 20:34:09 debian kernel: [    1.600807] pci 0000:00:16.1:   bridge window [mem 0xe7500000-0xe75fffff 64bit pref]
Apr 13 20:34:09 debian kernel: [    1.601366] pci 0000:00:16.2: PCI bridge to [bus 0d]
Apr 13 20:34:09 debian kernel: [    1.601421] pci 0000:00:16.2:   bridge window [io  0xd000-0xdfff]
Apr 13 20:34:09 debian kernel: [    1.601460] pci 0000:00:16.2:   bridge window [mem 0xfcb00000-0xfcbfffff]
Apr 13 20:34:09 debian kernel: [    1.601534] pci 0000:00:16.2:   bridge window [mem 0xe7100000-0xe71fffff 64bit pref]
Apr 13 20:34:09 debian kernel: [    1.602146] pci 0000:00:16.3: PCI bridge to [bus 0e]
Apr 13 20:34:09 debian kernel: [    1.602228] pci 0000:00:16.3:   bridge window [mem 0xfc700000-0xfc7fffff]
Apr 13 20:34:09 debian kernel: [    1.602303] pci 0000:00:16.3:   bridge window [mem 0xe6d00000-0xe6dfffff 64bit pref]
Apr 13 20:34:09 debian kernel: [    1.602874] pci 0000:00:16.4: PCI bridge to [bus 0f]
Apr 13 20:34:09 debian kernel: [    1.602948] pci 0000:00:16.4:   bridge window [mem 0xfc300000-0xfc3fffff]
Apr 13 20:34:09 debian kernel: [    1.603058] pci 0000:00:16.4:   bridge window [mem 0xe6900000-0xe69fffff 64bit pref]
Apr 13 20:34:09 debian kernel: [    1.603619] pci 0000:00:16.5: PCI bridge to [bus 10]
Apr 13 20:34:09 debian kernel: [    1.603693] pci 0000:00:16.5:   bridge window [mem 0xfbf00000-0xfbffffff]
Apr 13 20:34:09 debian kernel: [    1.603767] pci 0000:00:16.5:   bridge window [mem 0xe6500000-0xe65fffff 64bit pref]
Apr 13 20:34:09 debian kernel: [    1.604315] pci 0000:00:16.6: PCI bridge to [bus 11]
Apr 13 20:34:09 debian kernel: [    1.604389] pci 0000:00:16.6:   bridge window [mem 0xfbb00000-0xfbbfffff]
Apr 13 20:34:09 debian kernel: [    1.604463] pci 0000:00:16.6:   bridge window [mem 0xe6100000-0xe61fffff 64bit pref]
Apr 13 20:34:09 debian kernel: [    1.605026] pci 0000:00:16.7: PCI bridge to [bus 12]
Apr 13 20:34:09 debian kernel: [    1.605100] pci 0000:00:16.7:   bridge window [mem 0xfb700000-0xfb7fffff]
Apr 13 20:34:09 debian kernel: [    1.605174] pci 0000:00:16.7:   bridge window [mem 0xe5d00000-0xe5dfffff 64bit pref]
Apr 13 20:34:09 debian kernel: [    1.605732] pci 0000:00:17.0: PCI bridge to [bus 13]
Apr 13 20:34:09 debian kernel: [    1.605770] pci 0000:00:17.0:   bridge window [io  0x6000-0x6fff]
Apr 13 20:34:09 debian kernel: [    1.605809] pci 0000:00:17.0:   bridge window [mem 0xfd200000-0xfd2fffff]
Apr 13 20:34:09 debian kernel: [    1.605884] pci 0000:00:17.0:   bridge window [mem 0xe7800000-0xe78fffff 64bit pref]
Apr 13 20:34:09 debian kernel: [    1.606605] pci 0000:00:17.1: PCI bridge to [bus 14]
Apr 13 20:34:09 debian kernel: [    1.606651] pci 0000:00:17.1:   bridge window [io  0xa000-0xafff]
Apr 13 20:34:09 debian kernel: [    1.606695] pci 0000:00:17.1:   bridge window [mem 0xfce00000-0xfcefffff]
Apr 13 20:34:09 debian kernel: [    1.606783] pci 0000:00:17.1:   bridge window [mem 0xe7400000-0xe74fffff 64bit pref]
Apr 13 20:34:09 debian kernel: [    1.607513] pci 0000:00:17.2: PCI bridge to [bus 15]
Apr 13 20:34:09 debian kernel: [    1.607562] pci 0000:00:17.2:   bridge window [io  0xe000-0xefff]
Apr 13 20:34:09 debian kernel: [    1.607610] pci 0000:00:17.2:   bridge window [mem 0xfca00000-0xfcafffff]
Apr 13 20:34:09 debian kernel: [    1.607703] pci 0000:00:17.2:   bridge window [mem 0xe7000000-0xe70fffff 64bit pref]
Apr 13 20:34:09 debian kernel: [    1.608316] pci 0000:00:17.3: PCI bridge to [bus 16]
Apr 13 20:34:09 debian kernel: [    1.608391] pci 0000:00:17.3:   bridge window [mem 0xfc600000-0xfc6fffff]
Apr 13 20:34:09 debian kernel: [    1.608475] pci 0000:00:17.3:   bridge window [mem 0xe6c00000-0xe6cfffff 64bit pref]
Apr 13 20:34:09 debian kernel: [    1.609028] pci 0000:00:17.4: PCI bridge to [bus 17]
Apr 13 20:34:09 debian kernel: [    1.609102] pci 0000:00:17.4:   bridge window [mem 0xfc200000-0xfc2fffff]
Apr 13 20:34:09 debian kernel: [    1.609176] pci 0000:00:17.4:   bridge window [mem 0xe6800000-0xe68fffff 64bit pref]
Apr 13 20:34:09 debian kernel: [    1.609730] pci 0000:00:17.5: PCI bridge to [bus 18]
Apr 13 20:34:09 debian kernel: [    1.609804] pci 0000:00:17.5:   bridge window [mem 0xfbe00000-0xfbefffff]
Apr 13 20:34:09 debian kernel: [    1.609879] pci 0000:00:17.5:   bridge window [mem 0xe6400000-0xe64fffff 64bit pref]
Apr 13 20:34:09 debian kernel: [    1.610505] pci 0000:00:17.6: PCI bridge to [bus 19]
Apr 13 20:34:09 debian kernel: [    1.610581] pci 0000:00:17.6:   bridge window [mem 0xfba00000-0xfbafffff]
Apr 13 20:34:09 debian kernel: [    1.610655] pci 0000:00:17.6:   bridge window [mem 0xe6000000-0xe60fffff 64bit pref]
Apr 13 20:34:09 debian kernel: [    1.611345] pci 0000:00:17.7: PCI bridge to [bus 1a]
Apr 13 20:34:09 debian kernel: [    1.611421] pci 0000:00:17.7:   bridge window [mem 0xfb600000-0xfb6fffff]
Apr 13 20:34:09 debian kernel: [    1.611495] pci 0000:00:17.7:   bridge window [mem 0xe5c00000-0xe5cfffff 64bit pref]
Apr 13 20:34:09 debian kernel: [    1.612070] pci 0000:00:18.0: PCI bridge to [bus 1b]
Apr 13 20:34:09 debian kernel: [    1.612108] pci 0000:00:18.0:   bridge window [io  0x7000-0x7fff]
Apr 13 20:34:09 debian kernel: [    1.612146] pci 0000:00:18.0:   bridge window [mem 0xfd100000-0xfd1fffff]
Apr 13 20:34:09 debian kernel: [    1.612221] pci 0000:00:18.0:   bridge window [mem 0xe7700000-0xe77fffff 64bit pref]
Apr 13 20:34:09 debian kernel: [    1.612770] pci 0000:00:18.1: PCI bridge to [bus 1c]
Apr 13 20:34:09 debian kernel: [    1.612808] pci 0000:00:18.1:   bridge window [io  0xb000-0xbfff]
Apr 13 20:34:09 debian kernel: [    1.612847] pci 0000:00:18.1:   bridge window [mem 0xfcd00000-0xfcdfffff]
Apr 13 20:34:09 debian kernel: [    1.612923] pci 0000:00:18.1:   bridge window [mem 0xe7300000-0xe73fffff 64bit pref]
Apr 13 20:34:09 debian kernel: [    1.613515] pci 0000:00:18.2: PCI bridge to [bus 1d]
Apr 13 20:34:09 debian kernel: [    1.613588] pci 0000:00:18.2:   bridge window [mem 0xfc900000-0xfc9fffff]
Apr 13 20:34:09 debian kernel: [    1.613662] pci 0000:00:18.2:   bridge window [mem 0xe6f00000-0xe6ffffff 64bit pref]
Apr 13 20:34:09 debian kernel: [    1.614294] pci 0000:00:18.3: PCI bridge to [bus 1e]
Apr 13 20:34:09 debian kernel: [    1.614370] pci 0000:00:18.3:   bridge window [mem 0xfc500000-0xfc5fffff]
Apr 13 20:34:09 debian kernel: [    1.614445] pci 0000:00:18.3:   bridge window [mem 0xe6b00000-0xe6bfffff 64bit pref]
Apr 13 20:34:09 debian kernel: [    1.615007] pci 0000:00:18.4: PCI bridge to [bus 1f]
Apr 13 20:34:09 debian kernel: [    1.615083] pci 0000:00:18.4:   bridge window [mem 0xfc100000-0xfc1fffff]
Apr 13 20:34:09 debian kernel: [    1.615157] pci 0000:00:18.4:   bridge window [mem 0xe6700000-0xe67fffff 64bit pref]
Apr 13 20:34:09 debian kernel: [    1.615709] pci 0000:00:18.5: PCI bridge to [bus 20]
Apr 13 20:34:09 debian kernel: [    1.615783] pci 0000:00:18.5:   bridge window [mem 0xfbd00000-0xfbdfffff]
Apr 13 20:34:09 debian kernel: [    1.615856] pci 0000:00:18.5:   bridge window [mem 0xe6300000-0xe63fffff 64bit pref]
Apr 13 20:34:09 debian kernel: [    1.616411] pci 0000:00:18.6: PCI bridge to [bus 21]
Apr 13 20:34:09 debian kernel: [    1.616485] pci 0000:00:18.6:   bridge window [mem 0xfb900000-0xfb9fffff]
Apr 13 20:34:09 debian kernel: [    1.616559] pci 0000:00:18.6:   bridge window [mem 0xe5f00000-0xe5ffffff 64bit pref]
Apr 13 20:34:09 debian kernel: [    1.617133] pci 0000:00:18.7: PCI bridge to [bus 22]
Apr 13 20:34:09 debian kernel: [    1.617207] pci 0000:00:18.7:   bridge window [mem 0xfb500000-0xfb5fffff]
Apr 13 20:34:09 debian kernel: [    1.617280] pci 0000:00:18.7:   bridge window [mem 0xe5b00000-0xe5bfffff 64bit pref]
Apr 13 20:34:09 debian kernel: [    1.621973] ACPI: PCI Interrupt Link [LNKA] (IRQs 3 4 5 6 7 *9 10 11 14 15)
Apr 13 20:34:09 debian kernel: [    1.622211] ACPI: PCI Interrupt Link [LNKB] (IRQs 3 4 5 6 7 9 10 *11 14 15)
Apr 13 20:34:09 debian kernel: [    1.622368] ACPI: PCI Interrupt Link [LNKC] (IRQs 3 4 5 6 7 9 *10 11 14 15)
Apr 13 20:34:09 debian kernel: [    1.622502] ACPI: PCI Interrupt Link [LNKD] (IRQs 3 4 5 6 *7 9 10 11 14 15)
Apr 13 20:34:09 debian kernel: [    1.640452] iommu: Default domain type: Translated
Apr 13 20:34:09 debian kernel: [    1.641434] pci 0000:00:0f.0: vgaarb: setting as boot VGA device
Apr 13 20:34:09 debian kernel: [    1.641434] pci 0000:00:0f.0: vgaarb: VGA device added: decodes=io+mem,owns=io+mem,locks=none
Apr 13 20:34:09 debian kernel: [    1.641441] pci 0000:00:0f.0: vgaarb: bridge control possible
Apr 13 20:34:09 debian kernel: [    1.641442] vgaarb: loaded
Apr 13 20:34:09 debian kernel: [    1.641774] EDAC MC: Ver: 3.0.0
Apr 13 20:34:09 debian kernel: [    1.645572] NetLabel: Initializing
Apr 13 20:34:09 debian kernel: [    1.645574] NetLabel:  domain hash size = 128
Apr 13 20:34:09 debian kernel: [    1.645574] NetLabel:  protocols = UNLABELED CIPSOv4 CALIPSO
Apr 13 20:34:09 debian kernel: [    1.645584] NetLabel:  unlabeled traffic allowed by default
Apr 13 20:34:09 debian kernel: [    1.645585] PCI: Using ACPI for IRQ routing
Apr 13 20:34:09 debian kernel: [    1.647736] PCI: pci_cache_line_size set to 64 bytes
Apr 13 20:34:09 debian kernel: [    1.647736] e820: reserve RAM buffer [mem 0x0009ec00-0x0009ffff]
Apr 13 20:34:09 debian kernel: [    1.647736] e820: reserve RAM buffer [mem 0xbfee0000-0xbfffffff]
Apr 13 20:34:09 debian kernel: [    1.647736] hpet0: at MMIO 0xfed00000, IRQs 2, 8, 0, 0, 0, 0, 0, 0, 0, 0, 0, 0, 0, 0, 0, 0
Apr 13 20:34:09 debian kernel: [    1.647736] hpet0: 16 comparators, 64-bit 14.318180 MHz counter
Apr 13 20:34:09 debian kernel: [    1.665450] clocksource: Switched to clocksource tsc-early
Apr 13 20:34:09 debian kernel: [    1.698271] VFS: Disk quotas dquot_6.6.0
Apr 13 20:34:09 debian kernel: [    1.698316] VFS: Dquot-cache hash table entries: 512 (order 0, 4096 bytes)
Apr 13 20:34:09 debian kernel: [    1.698606] AppArmor: AppArmor Filesystem Enabled
Apr 13 20:34:09 debian kernel: [    1.698621] pnp: PnP ACPI init
Apr 13 20:34:09 debian kernel: [    1.698804] system 00:00: [io  0x1000-0x103f] has been reserved
Apr 13 20:34:09 debian kernel: [    1.698805] system 00:00: [io  0x1040-0x104f] has been reserved
Apr 13 20:34:09 debian kernel: [    1.698806] system 00:00: [io  0x0cf0-0x0cf1] has been reserved
Apr 13 20:34:09 debian kernel: [    1.698810] system 00:00: Plug and Play ACPI device, IDs PNP0c02 (active)
Apr 13 20:34:09 debian kernel: [    1.698825] pnp 00:01: Plug and Play ACPI device, IDs PNP0b00 (active)
Apr 13 20:34:09 debian kernel: [    1.698837] pnp 00:02: Plug and Play ACPI device, IDs PNP0303 (active)
Apr 13 20:34:09 debian kernel: [    1.698845] pnp 00:03: Plug and Play ACPI device, IDs VMW0003 PNP0f13 (active)
Apr 13 20:34:09 debian kernel: [    1.698995] system 00:04: [mem 0xfed00000-0xfed003ff] has been reserved
Apr 13 20:34:09 debian kernel: [    1.698997] system 00:04: Plug and Play ACPI device, IDs PNP0103 PNP0c01 (active)
Apr 13 20:34:09 debian kernel: [    1.700299] system 00:05: [io  0xfce0-0xfcff] has been reserved
Apr 13 20:34:09 debian kernel: [    1.700301] system 00:05: [mem 0xf0000000-0xf7ffffff] has been reserved
Apr 13 20:34:09 debian kernel: [    1.700302] system 00:05: [mem 0xfe800000-0xfe9fffff] has been reserved
Apr 13 20:34:09 debian kernel: [    1.700305] system 00:05: Plug and Play ACPI device, IDs PNP0c02 (active)
Apr 13 20:34:09 debian kernel: [    1.703502] pnp: PnP ACPI: found 6 devices
Apr 13 20:34:09 debian kernel: [    1.715158] clocksource: acpi_pm: mask: 0xffffff max_cycles: 0xffffff, max_idle_ns: 2085701024 ns
Apr 13 20:34:09 debian kernel: [    1.715267] NET: Registered protocol family 2
Apr 13 20:34:09 debian kernel: [    1.718766] IP idents hash table entries: 131072 (order: 8, 1048576 bytes, linear)
Apr 13 20:34:09 debian kernel: [    1.720053] tcp_listen_portaddr_hash hash table entries: 4096 (order: 4, 65536 bytes, linear)
Apr 13 20:34:09 debian kernel: [    1.720852] TCP established hash table entries: 65536 (order: 7, 524288 bytes, linear)
Apr 13 20:34:09 debian kernel: [    1.724671] TCP bind hash table entries: 65536 (order: 8, 1048576 bytes, linear)
Apr 13 20:34:09 debian kernel: [    1.724740] TCP: Hash tables configured (established 65536 bind 65536)
Apr 13 20:34:09 debian kernel: [    1.725233] UDP hash table entries: 4096 (order: 5, 131072 bytes, linear)
Apr 13 20:34:09 debian kernel: [    1.725251] UDP-Lite hash table entries: 4096 (order: 5, 131072 bytes, linear)
Apr 13 20:34:09 debian kernel: [    1.725746] NET: Registered protocol family 1
Apr 13 20:34:09 debian kernel: [    1.725750] NET: Registered protocol family 44
Apr 13 20:34:09 debian kernel: [    1.725781] pci 0000:00:15.3: bridge window [io  0x1000-0x0fff] to [bus 06] add_size 1000
Apr 13 20:34:09 debian kernel: [    1.725782] pci 0000:00:15.4: bridge window [io  0x1000-0x0fff] to [bus 07] add_size 1000
Apr 13 20:34:09 debian kernel: [    1.725783] pci 0000:00:15.5: bridge window [io  0x1000-0x0fff] to [bus 08] add_size 1000
Apr 13 20:34:09 debian kernel: [    1.725784] pci 0000:00:15.6: bridge window [io  0x1000-0x0fff] to [bus 09] add_size 1000
Apr 13 20:34:09 debian kernel: [    1.725785] pci 0000:00:15.7: bridge window [io  0x1000-0x0fff] to [bus 0a] add_size 1000
Apr 13 20:34:09 debian kernel: [    1.725786] pci 0000:00:16.3: bridge window [io  0x1000-0x0fff] to [bus 0e] add_size 1000
Apr 13 20:34:09 debian kernel: [    1.725787] pci 0000:00:16.4: bridge window [io  0x1000-0x0fff] to [bus 0f] add_size 1000
Apr 13 20:34:09 debian kernel: [    1.725788] pci 0000:00:16.5: bridge window [io  0x1000-0x0fff] to [bus 10] add_size 1000
Apr 13 20:34:09 debian kernel: [    1.725789] pci 0000:00:16.6: bridge window [io  0x1000-0x0fff] to [bus 11] add_size 1000
Apr 13 20:34:09 debian kernel: [    1.725790] pci 0000:00:16.7: bridge window [io  0x1000-0x0fff] to [bus 12] add_size 1000
Apr 13 20:34:09 debian kernel: [    1.725791] pci 0000:00:17.3: bridge window [io  0x1000-0x0fff] to [bus 16] add_size 1000
Apr 13 20:34:09 debian kernel: [    1.725792] pci 0000:00:17.4: bridge window [io  0x1000-0x0fff] to [bus 17] add_size 1000
Apr 13 20:34:09 debian kernel: [    1.725793] pci 0000:00:17.5: bridge window [io  0x1000-0x0fff] to [bus 18] add_size 1000
Apr 13 20:34:09 debian kernel: [    1.725794] pci 0000:00:17.6: bridge window [io  0x1000-0x0fff] to [bus 19] add_size 1000
Apr 13 20:34:09 debian kernel: [    1.725795] pci 0000:00:17.7: bridge window [io  0x1000-0x0fff] to [bus 1a] add_size 1000
Apr 13 20:34:09 debian kernel: [    1.725796] pci 0000:00:18.2: bridge window [io  0x1000-0x0fff] to [bus 1d] add_size 1000
Apr 13 20:34:09 debian kernel: [    1.725797] pci 0000:00:18.3: bridge window [io  0x1000-0x0fff] to [bus 1e] add_size 1000
Apr 13 20:34:09 debian kernel: [    1.725798] pci 0000:00:18.4: bridge window [io  0x1000-0x0fff] to [bus 1f] add_size 1000
Apr 13 20:34:09 debian kernel: [    1.725799] pci 0000:00:18.5: bridge window [io  0x1000-0x0fff] to [bus 20] add_size 1000
Apr 13 20:34:09 debian kernel: [    1.725800] pci 0000:00:18.6: bridge window [io  0x1000-0x0fff] to [bus 21] add_size 1000
Apr 13 20:34:09 debian kernel: [    1.725800] pci 0000:00:18.7: bridge window [io  0x1000-0x0fff] to [bus 22] add_size 1000
Apr 13 20:34:09 debian kernel: [    1.725814] pci 0000:00:0f.0: BAR 6: assigned [mem 0xc0000000-0xc0007fff pref]
Apr 13 20:34:09 debian kernel: [    1.725815] pci 0000:00:10.0: BAR 6: assigned [mem 0xc0008000-0xc000bfff pref]
Apr 13 20:34:09 debian kernel: [    1.725818] pci 0000:00:15.3: BAR 13: no space for [io  size 0x1000]
Apr 13 20:34:09 debian kernel: [    1.725818] pci 0000:00:15.3: BAR 13: failed to assign [io  size 0x1000]
Apr 13 20:34:09 debian kernel: [    1.725820] pci 0000:00:15.4: BAR 13: no space for [io  size 0x1000]
Apr 13 20:34:09 debian kernel: [    1.725820] pci 0000:00:15.4: BAR 13: failed to assign [io  size 0x1000]
Apr 13 20:34:09 debian kernel: [    1.725821] pci 0000:00:15.5: BAR 13: no space for [io  size 0x1000]
Apr 13 20:34:09 debian kernel: [    1.725822] pci 0000:00:15.5: BAR 13: failed to assign [io  size 0x1000]
Apr 13 20:34:09 debian kernel: [    1.725823] pci 0000:00:15.6: BAR 13: no space for [io  size 0x1000]
Apr 13 20:34:09 debian kernel: [    1.725823] pci 0000:00:15.6: BAR 13: failed to assign [io  size 0x1000]
Apr 13 20:34:09 debian kernel: [    1.725824] pci 0000:00:15.7: BAR 13: no space for [io  size 0x1000]
Apr 13 20:34:09 debian kernel: [    1.725825] pci 0000:00:15.7: BAR 13: failed to assign [io  size 0x1000]
Apr 13 20:34:09 debian kernel: [    1.725826] pci 0000:00:16.3: BAR 13: no space for [io  size 0x1000]
Apr 13 20:34:09 debian kernel: [    1.725827] pci 0000:00:16.3: BAR 13: failed to assign [io  size 0x1000]
Apr 13 20:34:09 debian kernel: [    1.725828] pci 0000:00:16.4: BAR 13: no space for [io  size 0x1000]
Apr 13 20:34:09 debian kernel: [    1.725828] pci 0000:00:16.4: BAR 13: failed to assign [io  size 0x1000]
Apr 13 20:34:09 debian kernel: [    1.725829] pci 0000:00:16.5: BAR 13: no space for [io  size 0x1000]
Apr 13 20:34:09 debian kernel: [    1.725830] pci 0000:00:16.5: BAR 13: failed to assign [io  size 0x1000]
Apr 13 20:34:09 debian kernel: [    1.725831] pci 0000:00:16.6: BAR 13: no space for [io  size 0x1000]
Apr 13 20:34:09 debian kernel: [    1.725831] pci 0000:00:16.6: BAR 13: failed to assign [io  size 0x1000]
Apr 13 20:34:09 debian kernel: [    1.725833] pci 0000:00:16.7: BAR 13: no space for [io  size 0x1000]
Apr 13 20:34:09 debian kernel: [    1.725833] pci 0000:00:16.7: BAR 13: failed to assign [io  size 0x1000]
Apr 13 20:34:09 debian kernel: [    1.725834] pci 0000:00:17.3: BAR 13: no space for [io  size 0x1000]
Apr 13 20:34:09 debian kernel: [    1.725835] pci 0000:00:17.3: BAR 13: failed to assign [io  size 0x1000]
Apr 13 20:34:09 debian kernel: [    1.725836] pci 0000:00:17.4: BAR 13: no space for [io  size 0x1000]
Apr 13 20:34:09 debian kernel: [    1.725837] pci 0000:00:17.4: BAR 13: failed to assign [io  size 0x1000]
Apr 13 20:34:09 debian kernel: [    1.725838] pci 0000:00:17.5: BAR 13: no space for [io  size 0x1000]
Apr 13 20:34:09 debian kernel: [    1.725839] pci 0000:00:17.5: BAR 13: failed to assign [io  size 0x1000]
Apr 13 20:34:09 debian kernel: [    1.725840] pci 0000:00:17.6: BAR 13: no space for [io  size 0x1000]
Apr 13 20:34:09 debian kernel: [    1.725841] pci 0000:00:17.6: BAR 13: failed to assign [io  size 0x1000]
Apr 13 20:34:09 debian kernel: [    1.725842] pci 0000:00:17.7: BAR 13: no space for [io  size 0x1000]
Apr 13 20:34:09 debian kernel: [    1.725843] pci 0000:00:17.7: BAR 13: failed to assign [io  size 0x1000]
Apr 13 20:34:09 debian kernel: [    1.725844] pci 0000:00:18.2: BAR 13: no space for [io  size 0x1000]
Apr 13 20:34:09 debian kernel: [    1.725844] pci 0000:00:18.2: BAR 13: failed to assign [io  size 0x1000]
Apr 13 20:34:09 debian kernel: [    1.725845] pci 0000:00:18.3: BAR 13: no space for [io  size 0x1000]
Apr 13 20:34:09 debian kernel: [    1.725846] pci 0000:00:18.3: BAR 13: failed to assign [io  size 0x1000]
Apr 13 20:34:09 debian kernel: [    1.725847] pci 0000:00:18.4: BAR 13: no space for [io  size 0x1000]
Apr 13 20:34:09 debian kernel: [    1.725848] pci 0000:00:18.4: BAR 13: failed to assign [io  size 0x1000]
Apr 13 20:34:09 debian kernel: [    1.725849] pci 0000:00:18.5: BAR 13: no space for [io  size 0x1000]
Apr 13 20:34:09 debian kernel: [    1.725850] pci 0000:00:18.5: BAR 13: failed to assign [io  size 0x1000]
Apr 13 20:34:09 debian kernel: [    1.725851] pci 0000:00:18.6: BAR 13: no space for [io  size 0x1000]
Apr 13 20:34:09 debian kernel: [    1.725851] pci 0000:00:18.6: BAR 13: failed to assign [io  size 0x1000]
Apr 13 20:34:09 debian kernel: [    1.725852] pci 0000:00:18.7: BAR 13: no space for [io  size 0x1000]
Apr 13 20:34:09 debian kernel: [    1.725853] pci 0000:00:18.7: BAR 13: failed to assign [io  size 0x1000]
Apr 13 20:34:09 debian kernel: [    1.725857] pci 0000:00:18.7: BAR 13: no space for [io  size 0x1000]
Apr 13 20:34:09 debian kernel: [    1.725857] pci 0000:00:18.7: BAR 13: failed to assign [io  size 0x1000]
Apr 13 20:34:09 debian kernel: [    1.725859] pci 0000:00:18.6: BAR 13: no space for [io  size 0x1000]
Apr 13 20:34:09 debian kernel: [    1.725859] pci 0000:00:18.6: BAR 13: failed to assign [io  size 0x1000]
Apr 13 20:34:09 debian kernel: [    1.725861] pci 0000:00:18.5: BAR 13: no space for [io  size 0x1000]
Apr 13 20:34:09 debian kernel: [    1.725861] pci 0000:00:18.5: BAR 13: failed to assign [io  size 0x1000]
Apr 13 20:34:09 debian kernel: [    1.725862] pci 0000:00:18.4: BAR 13: no space for [io  size 0x1000]
Apr 13 20:34:09 debian kernel: [    1.725863] pci 0000:00:18.4: BAR 13: failed to assign [io  size 0x1000]
Apr 13 20:34:09 debian kernel: [    1.725864] pci 0000:00:18.3: BAR 13: no space for [io  size 0x1000]
Apr 13 20:34:09 debian kernel: [    1.725865] pci 0000:00:18.3: BAR 13: failed to assign [io  size 0x1000]
Apr 13 20:34:09 debian kernel: [    1.725866] pci 0000:00:18.2: BAR 13: no space for [io  size 0x1000]
Apr 13 20:34:09 debian kernel: [    1.725866] pci 0000:00:18.2: BAR 13: failed to assign [io  size 0x1000]
Apr 13 20:34:09 debian kernel: [    1.725867] pci 0000:00:17.7: BAR 13: no space for [io  size 0x1000]
Apr 13 20:34:09 debian kernel: [    1.725868] pci 0000:00:17.7: BAR 13: failed to assign [io  size 0x1000]
Apr 13 20:34:09 debian kernel: [    1.725869] pci 0000:00:17.6: BAR 13: no space for [io  size 0x1000]
Apr 13 20:34:09 debian kernel: [    1.725869] pci 0000:00:17.6: BAR 13: failed to assign [io  size 0x1000]
Apr 13 20:34:09 debian kernel: [    1.725870] pci 0000:00:17.5: BAR 13: no space for [io  size 0x1000]
Apr 13 20:34:09 debian kernel: [    1.725871] pci 0000:00:17.5: BAR 13: failed to assign [io  size 0x1000]
Apr 13 20:34:09 debian kernel: [    1.725872] pci 0000:00:17.4: BAR 13: no space for [io  size 0x1000]
Apr 13 20:34:09 debian kernel: [    1.725872] pci 0000:00:17.4: BAR 13: failed to assign [io  size 0x1000]
Apr 13 20:34:09 debian kernel: [    1.725873] pci 0000:00:17.3: BAR 13: no space for [io  size 0x1000]
Apr 13 20:34:09 debian kernel: [    1.725874] pci 0000:00:17.3: BAR 13: failed to assign [io  size 0x1000]
Apr 13 20:34:09 debian kernel: [    1.725875] pci 0000:00:16.7: BAR 13: no space for [io  size 0x1000]
Apr 13 20:34:09 debian kernel: [    1.725876] pci 0000:00:16.7: BAR 13: failed to assign [io  size 0x1000]
Apr 13 20:34:09 debian kernel: [    1.725877] pci 0000:00:16.6: BAR 13: no space for [io  size 0x1000]
Apr 13 20:34:09 debian kernel: [    1.725877] pci 0000:00:16.6: BAR 13: failed to assign [io  size 0x1000]
Apr 13 20:34:09 debian kernel: [    1.725878] pci 0000:00:16.5: BAR 13: no space for [io  size 0x1000]
Apr 13 20:34:09 debian kernel: [    1.725879] pci 0000:00:16.5: BAR 13: failed to assign [io  size 0x1000]
Apr 13 20:34:09 debian kernel: [    1.725880] pci 0000:00:16.4: BAR 13: no space for [io  size 0x1000]
Apr 13 20:34:09 debian kernel: [    1.725880] pci 0000:00:16.4: BAR 13: failed to assign [io  size 0x1000]
Apr 13 20:34:09 debian kernel: [    1.725881] pci 0000:00:16.3: BAR 13: no space for [io  size 0x1000]
Apr 13 20:34:09 debian kernel: [    1.725882] pci 0000:00:16.3: BAR 13: failed to assign [io  size 0x1000]
Apr 13 20:34:09 debian kernel: [    1.725883] pci 0000:00:15.7: BAR 13: no space for [io  size 0x1000]
Apr 13 20:34:09 debian kernel: [    1.725883] pci 0000:00:15.7: BAR 13: failed to assign [io  size 0x1000]
Apr 13 20:34:09 debian kernel: [    1.725884] pci 0000:00:15.6: BAR 13: no space for [io  size 0x1000]
Apr 13 20:34:09 debian kernel: [    1.725885] pci 0000:00:15.6: BAR 13: failed to assign [io  size 0x1000]
Apr 13 20:34:09 debian kernel: [    1.725886] pci 0000:00:15.5: BAR 13: no space for [io  size 0x1000]
Apr 13 20:34:09 debian kernel: [    1.725887] pci 0000:00:15.5: BAR 13: failed to assign [io  size 0x1000]
Apr 13 20:34:09 debian kernel: [    1.725888] pci 0000:00:15.4: BAR 13: no space for [io  size 0x1000]
Apr 13 20:34:09 debian kernel: [    1.725888] pci 0000:00:15.4: BAR 13: failed to assign [io  size 0x1000]
Apr 13 20:34:09 debian kernel: [    1.725889] pci 0000:00:15.3: BAR 13: no space for [io  size 0x1000]
Apr 13 20:34:09 debian kernel: [    1.725890] pci 0000:00:15.3: BAR 13: failed to assign [io  size 0x1000]
